
Discarded input sections

 .data          0x0000000000000000        0x0 build/i_video_fbdev.o
 .text          0x0000000000000000        0x0 build/i_input_tty.o
 .data          0x0000000000000000        0x0 build/i_input_tty.o
 .bss           0x0000000000000000        0x0 build/i_input_tty.o
 .comment       0x0000000000000000       0x1b build/i_input_tty.o
 .riscv.attributes
                0x0000000000000000       0x3e build/i_input_tty.o
 .data          0x0000000000000000        0x0 build/i_main.o
 .bss           0x0000000000000000        0x0 build/i_main.o
 .data          0x0000000000000000        0x0 build/dummy.o
 .bss           0x0000000000000000        0x0 build/dummy.o
 .text          0x0000000000000000        0x0 build/doomdef.o
 .data          0x0000000000000000        0x0 build/doomdef.o
 .bss           0x0000000000000000        0x0 build/doomdef.o
 .comment       0x0000000000000000       0x1b build/doomdef.o
 .riscv.attributes
                0x0000000000000000       0x3e build/doomdef.o
 .text          0x0000000000000000        0x0 build/doomstat.o
 .data          0x0000000000000000        0x0 build/doomstat.o
 .bss           0x0000000000000000        0x0 build/doomstat.o
 .text          0x0000000000000000        0x0 build/dstrings.o
 .bss           0x0000000000000000        0x0 build/dstrings.o
 .data          0x0000000000000000        0x0 build/d_event.o
 .text          0x0000000000000000        0x0 build/d_items.o
 .bss           0x0000000000000000        0x0 build/d_items.o
 .data          0x0000000000000000        0x0 build/d_iwad.o
 .data          0x0000000000000000        0x0 build/d_loop.o
 .bss           0x0000000000000000        0x0 build/d_mode.o
 .data          0x0000000000000000        0x0 build/hu_lib.o
 .bss           0x0000000000000000        0x0 build/hu_lib.o
 .text          0x0000000000000000        0x0 build/info.o
 .bss           0x0000000000000000        0x0 build/info.o
 .text          0x0000000000000000       0xa8 build/i_cdmus.o
 .data          0x0000000000000000        0x0 build/i_cdmus.o
 .bss           0x0000000000000000        0x0 build/i_cdmus.o
 .sbss          0x0000000000000000        0x4 build/i_cdmus.o
 .comment       0x0000000000000000       0x1b build/i_cdmus.o
 .riscv.attributes
                0x0000000000000000       0x3e build/i_cdmus.o
 .data          0x0000000000000000        0x0 build/i_endoom.o
 .bss           0x0000000000000000        0x0 build/i_endoom.o
 .data          0x0000000000000000       0x28 build/i_joystick.o
 .text          0x0000000000000000     0x39b4 build/i_scale.o
 .data          0x0000000000000000      0x1e0 build/i_scale.o
 .bss           0x0000000000000000       0x30 build/i_scale.o
 .rodata        0x0000000000000000       0x7a build/i_scale.o
 .comment       0x0000000000000000       0x1b build/i_scale.o
 .riscv.attributes
                0x0000000000000000       0x3e build/i_scale.o
 .data          0x0000000000000000        0x0 build/i_sound.o
 .data          0x0000000000000000        0x0 build/i_system.o
 .data          0x0000000000000000        0x0 build/i_timer.o
 .text          0x0000000000000000      0x424 build/memio.o
 .data          0x0000000000000000        0x0 build/memio.o
 .bss           0x0000000000000000        0x0 build/memio.o
 .rodata        0x0000000000000000       0x2d build/memio.o
 .comment       0x0000000000000000       0x1b build/memio.o
 .riscv.attributes
                0x0000000000000000       0x3e build/memio.o
 .data          0x0000000000000000        0x0 build/m_argv.o
 .bss           0x0000000000000000        0x0 build/m_argv.o
 .data          0x0000000000000000        0x0 build/m_bbox.o
 .bss           0x0000000000000000        0x0 build/m_bbox.o
 .data          0x0000000000000000        0x0 build/m_cheat.o
 .bss           0x0000000000000000        0x0 build/m_cheat.o
 .data          0x0000000000000000        0x0 build/m_controls.o
 .data          0x0000000000000000        0x0 build/m_fixed.o
 .bss           0x0000000000000000        0x0 build/m_fixed.o
 .data          0x0000000000000000        0x0 build/m_misc.o
 .bss           0x0000000000000000        0x0 build/m_misc.o
 .data          0x0000000000000000        0x0 build/m_random.o
 .bss           0x0000000000000000        0x0 build/m_random.o
 .data          0x0000000000000000        0x0 build/p_ceilng.o
 .data          0x0000000000000000        0x0 build/p_doors.o
 .bss           0x0000000000000000        0x0 build/p_doors.o
 .data          0x0000000000000000        0x0 build/p_floor.o
 .bss           0x0000000000000000        0x0 build/p_floor.o
 .bss           0x0000000000000000        0x0 build/p_inter.o
 .data          0x0000000000000000        0x0 build/p_lights.o
 .bss           0x0000000000000000        0x0 build/p_lights.o
 .data          0x0000000000000000        0x0 build/p_map.o
 .data          0x0000000000000000        0x0 build/p_mobj.o
 .data          0x0000000000000000        0x0 build/p_plats.o
[...]
Memory Configuration

Name             Origin             Length             Attributes
*default*        0x0000000000000000 0xffffffffffffffff

Linker script and memory map

LOAD build/i_video_fbdev.o
LOAD build/i_input_tty.o
LOAD build/i_main.o
LOAD build/dummy.o
LOAD build/am_map.o
LOAD build/doomdef.o
LOAD build/doomstat.o
LOAD build/dstrings.o
LOAD build/d_event.o
LOAD build/d_items.o
LOAD build/d_iwad.o
LOAD build/d_loop.o
LOAD build/d_main.o
LOAD build/d_mode.o
LOAD build/d_net.o
LOAD build/f_finale.o
LOAD build/f_wipe.o
LOAD build/g_game.o
LOAD build/hu_lib.o
LOAD build/hu_stuff.o
LOAD build/info.o
LOAD build/i_cdmus.o
LOAD build/i_endoom.o
LOAD build/i_joystick.o
LOAD build/i_scale.o
LOAD build/i_sound.o
LOAD build/i_system.o
LOAD build/i_timer.o
LOAD build/memio.o
LOAD build/m_argv.o
LOAD build/m_bbox.o
LOAD build/m_cheat.o
LOAD build/m_config.o
LOAD build/m_controls.o
LOAD build/m_fixed.o
LOAD build/m_menu.o
LOAD build/m_misc.o
LOAD build/m_random.o
LOAD build/p_ceilng.o
LOAD build/p_doors.o
LOAD build/p_enemy.o
LOAD build/p_floor.o
LOAD build/p_inter.o
LOAD build/p_lights.o
LOAD build/p_map.o
LOAD build/p_maputl.o
LOAD build/p_mobj.o
LOAD build/p_plats.o
LOAD build/p_pspr.o
LOAD build/p_saveg.o
LOAD build/p_setup.o
LOAD build/p_sight.o
LOAD build/p_spec.o
LOAD build/p_switch.o
LOAD build/p_telept.o
LOAD build/p_tick.o
LOAD build/p_user.o
LOAD build/r_bsp.o
LOAD build/r_data.o
LOAD build/r_draw.o
LOAD build/r_main.o
LOAD build/r_plane.o
LOAD build/r_segs.o
LOAD build/r_sky.o
LOAD build/r_things.o
LOAD build/sha1.o
LOAD build/sounds.o
LOAD build/statdump.o
LOAD build/st_lib.o
LOAD build/st_stuff.o
LOAD build/s_sound.o
LOAD build/tables.o
LOAD build/v_video.o
LOAD build/wi_stuff.o
LOAD build/w_checksum.o
LOAD build/w_file.o
LOAD build/w_file_stdc_unbuffered.o
LOAD build/w_main.o
LOAD build/w_wad.o
LOAD build/z_zone.o
                [!provide]                        PROVIDE (__executable_start = SEGMENT_START ("text-segment", 0x10000))
                0x00000000000100e8                . = (SEGMENT_START ("text-segment", 0x10000) + SIZEOF_HEADERS)

.interp
 *(.interp)

.note.gnu.build-id
 *(.note.gnu.build-id)

.hash
 *(.hash)

.gnu.hash
 *(.gnu.hash)

.dynsym
 *(.dynsym)

.dynstr
 *(.dynstr)

.gnu.version
 *(.gnu.version)

.gnu.version_d
 *(.gnu.version_d)

.gnu.version_r
 *(.gnu.version_r)

.rela.dyn       0x00000000000100e8        0x0
 *(.rela.init)
 *(.rela.text .rela.text.* .rela.gnu.linkonce.t.*)
 .rela.text     0x00000000000100e8        0x0 build/i_video_fbdev.o
 *(.rela.fini)
 *(.rela.rodata .rela.rodata.* .rela.gnu.linkonce.r.*)
 *(.rela.data .rela.data.* .rela.gnu.linkonce.d.*)
 *(.rela.tdata .rela.tdata.* .rela.gnu.linkonce.td.*)
 *(.rela.tbss .rela.tbss.* .rela.gnu.linkonce.tb.*)
 *(.rela.ctors)
 *(.rela.dtors)
 *(.rela.got)
 *(.rela.sdata .rela.sdata.* .rela.gnu.linkonce.s.*)
 *(.rela.sbss .rela.sbss.* .rela.gnu.linkonce.sb.*)
 *(.rela.sdata2 .rela.sdata2.* .rela.gnu.linkonce.s2.*)
 *(.rela.sbss2 .rela.sbss2.* .rela.gnu.linkonce.sb2.*)
 *(.rela.bss .rela.bss.* .rela.gnu.linkonce.b.*)
 *(.rela.ifunc)

.rela.plt       0x00000000000100e8        0x0
 *(.rela.plt)
                [!provide]                        PROVIDE (__rela_iplt_start = .)
 *(.rela.iplt)
                [!provide]                        PROVIDE (__rela_iplt_end = .)

.init
 *(SORT_NONE(.init))

.plt
 *(.plt)
 *(.iplt)

.text           0x00000000000100e8    0x47a16
 *(.text.unlikely .text.*_unlikely .text.unlikely.*)
 *(.text.exit .text.exit.*)
 *(.text.startup .text.startup.*)
 *(.text.hot .text.hot.*)
 *(SORT_BY_NAME(.text.sorted.*))
 *(.text .stub .text.* .gnu.linkonce.t.*)
 .text          0x00000000000100e8      0x572 build/i_video_fbdev.o
                0x00000000000100e8                cmap_to_rgb565
                0x0000000000010104                cmap_to_fb
                0x0000000000010120                I_InitGraphics
                0x0000000000010158                I_ShutdownGraphics
                0x0000000000010166                I_StartFrame
                0x0000000000010174                I_GetEvent
                0x0000000000010182                I_StartTic
                0x00000000000101ac                I_UpdateNoBlit
                0x00000000000101ce                vga_pixel
                0x00000000000101e4                I_FinishUpdate
                0x00000000000102b2                I_ReadScreen
                0x00000000000102f4                I_SetPalette
                0x00000000000103e4                I_GetPaletteIndex
                0x0000000000010576                I_BeginRead
                0x0000000000010598                I_EndRead
                0x00000000000105ba                I_SetWindowTitle
                0x00000000000105fc                I_GraphicsCheckCommandLine
                0x000000000001060a                I_SetGrabMouseCallback
                0x000000000001061c                I_EnableLoadingDisk
                0x000000000001062a                I_BindVideoVariables
                0x0000000000010638                I_DisplayFPSDots
                0x000000000001064c                I_CheckIsScreensaver
 .text          0x000000000001065a     0x2848 build/i_main.o
                0x000000000001065a                print_hex
                0x00000000000106e8                printf
                0x0000000000011b54                memmove
                0x0000000000011d9c                vsnprintf
                0x0000000000012530                snprintf
                0x0000000000012596                fprintf
                0x00000000000125d6                sscanf
                0x0000000000012616                memcpy
                0x000000000001267c                memset
                0x00000000000126da                abs
                0x000000000001271e                free
                0x0000000000012744                calloc
                0x0000000000012792                strncmp
                0x0000000000012816                strncpy
                0x000000000001289e                strcasecmp
                0x000000000001294c                tocharlower
                0x00000000000129a2                tolower
                0x0000000000012a1c                strlen
                0x0000000000012a52                malloc
                0x0000000000012aa6                fread
                0x0000000000012ade                fwrite
                0x0000000000012b16                ftell
                0x0000000000012b42                toupper
                0x0000000000012b84                strncasecmp
                0x0000000000012c5e                strdup
                0x0000000000012c8a                strcmp
                0x0000000000012cf0                strstr
                0x0000000000012d20                strrchr
                0x0000000000012d52                atoi
                0x0000000000012d7e                fopen
                0x0000000000012dc6                fclose
                0x0000000000012df2                realloc
                0x0000000000012e2a                isspace
                0x0000000000012e58                log
                0x0000000000012e70                _start
 .text          0x0000000000012ea2        0xe build/dummy.o
                0x0000000000012ea2                I_InitTimidityConfig
 .text          0x0000000000012eb0     0x2c44 build/am_map.o
                0x0000000000012eb0                AM_getIslope
                0x0000000000012f82                AM_activateNewScale
                0x00000000000130e8                AM_saveScaleAndLoc
                0x0000000000013136                AM_restoreScaleAndLoc
                0x0000000000013284                AM_addMark
                0x0000000000013322                AM_findMinMaxBoundaries
                0x0000000000013572                AM_changeWindowLoc
                0x00000000000137ac                AM_initVariables
                0x00000000000139e4                AM_loadPics
                0x0000000000013a58                AM_unloadPics
                0x0000000000013ab6                AM_clearMarks
                0x0000000000013afe                AM_LevelInit
                0x0000000000013bc8                AM_Stop
                0x0000000000013c04                AM_Start
                0x0000000000013c90                AM_minOutWindowScale
                0x0000000000013cda                AM_maxOutWindowScale
                0x0000000000013d24                AM_Responder
                0x0000000000014248                AM_changeWindowScale
                0x00000000000142e6                AM_doFollowPlayer
                0x0000000000014464                AM_updateLightLev
                0x00000000000144fc                AM_Ticker
                0x0000000000014578                AM_clearFB
                0x00000000000145c2                AM_clipMline
                0x0000000000014b90                AM_drawFline
                0x0000000000014db4                AM_drawMline
                0x0000000000014e00                AM_drawGrid
                0x000000000001500e                AM_drawWalls
                0x000000000001535c                AM_rotate
                0x000000000001546a                AM_drawLineCharacter
                0x0000000000015636                AM_drawPlayers
                0x00000000000157c2                AM_drawThings
                0x000000000001586c                AM_drawMarks
                0x00000000000159f6                AM_drawCrosshair
                0x0000000000015a48                AM_Drawer
 .text          0x0000000000015af4       0xea build/d_event.o
                0x0000000000015af4                D_PostEvent
                0x0000000000015b6a                D_PopEvent
 .text          0x0000000000015bde      0x87a build/d_iwad.o
                0x0000000000015f4c                D_FindWADByName
                0x0000000000016060                D_TryFindWADByName
                0x0000000000016096                D_FindIWAD
                0x00000000000161b6                D_FindAllIWADs
                0x000000000001629c                D_SaveGameIWADName
                0x000000000001630e                D_SuggestIWADName
                0x00000000000163ac                D_SuggestGameName
 .text          0x0000000000016458      0xae0 build/d_loop.o
                0x000000000001665c                NetUpdate
                0x0000000000016774                D_ReceiveTic
                0x000000000001689c                D_StartGameLoop
                0x00000000000168d2                D_StartNetGame
                0x000000000001693e                D_InitNetGame
                0x000000000001697c                D_QuitNetGame
                0x0000000000016c0a                TryRunTics
                0x0000000000016f1a                D_RegisterLoopCallbacks
 .text          0x0000000000016f38     0x22ea build/d_main.o
                0x0000000000016f38                D_ProcessEvents
                0x0000000000016f8c                D_Display
                0x0000000000017416                D_BindVariables
                0x000000000001762a                D_GrabMouseCallback
                0x0000000000017684                D_DoomLoop
                0x000000000001778e                D_PageTicker
                0x00000000000177ca                D_PageDrawer
                0x0000000000017800                D_AdvanceDemo
                0x0000000000017818                D_DoAdvanceDemo
                0x0000000000017a9c                D_StartTitle
                0x0000000000017d10                D_IdentifyVersion
                0x0000000000017eae                D_SetGameDescription
                0x0000000000018158                PrintDehackedBanners
                0x000000000001849c                PrintGameVersion
                0x0000000000018594                D_DoomMain
 .text          0x0000000000019222      0x3c8 build/d_mode.o
                0x0000000000019222                D_ValidGameMode
                0x0000000000019298                D_ValidEpisodeMap
                0x00000000000193ee                D_GetNumEpisodes
                0x0000000000019448                D_ValidGameVersion
                0x0000000000019508                D_IsEpisodeMap
                0x0000000000019550                D_GameMissionString
 .text          0x00000000000195ea      0x63c build/d_net.o
                0x0000000000019a78                D_ConnectNetGame
                0x0000000000019ad4                D_CheckNetGame
 .text          0x0000000000019c26     0x150e build/f_finale.o
                0x0000000000019c26                F_StartFinale
                0x0000000000019dca                F_Responder
                0x0000000000019e04                F_Ticker
                0x0000000000019f58                F_TextWrite
                0x000000000001a16e                F_StartCast
                0x000000000001a224                F_CastTicker
                0x000000000001a93c                F_CastResponder
                0x000000000001aa4c                F_CastPrint
                0x000000000001ac00                F_CastDrawer
                0x000000000001ad02                F_DrawPatchCol
                0x000000000001ae08                F_BunnyScroll
                0x000000000001b0e0                F_Drawer
 .text          0x000000000001b134      0xa1a build/f_wipe.o
                0x000000000001b134                wipe_shittyColMajorXform
                0x000000000001b240                wipe_initColorXForm
                0x000000000001b298                wipe_doColorXForm
                0x000000000001b402                wipe_exitColorXForm
                0x000000000001b428                wipe_initMelt
                0x000000000001b5f0                wipe_doMelt
                0x000000000001b8d6                wipe_exitMelt
                0x000000000001b936                wipe_StartScreen
                0x000000000001b992                wipe_EndScreen
                0x000000000001ba10                wipe_ScreenWipe
 .text          0x000000000001bb4e     0x439e build/g_game.o
                0x000000000001bb4e                G_CmdChecksum
                0x000000000001bdc8                G_BuildTiccmd
                0x000000000001c9de                G_DoLoadLevel
                0x000000000001ce18                G_Responder
                0x000000000001d17c                G_Ticker
                0x000000000001d742                G_InitPlayer
                0x000000000001d768                G_PlayerFinishLevel
                0x000000000001d804                G_PlayerReborn
                0x000000000001da02                G_CheckSpot
                0x000000000001dea4                G_DeathMatchSpawnPlayer
                0x000000000001e008                G_DoReborn
                0x000000000001e200                G_ScreenShot
                0x000000000001e218                G_ExitLevel
                0x000000000001e238                G_SecretExitLevel
                0x000000000001e28e                G_DoCompleted
                0x000000000001e84e                G_WorldDone
                0x000000000001e900                G_DoWorldDone
                0x000000000001e94c                G_LoadGame
                0x000000000001e984                G_DoLoadGame
                0x000000000001eaa0                G_SaveGame
                0x000000000001eaea                G_DoSaveGame
                0x000000000001ec9a                G_DeferedInitNew
                0x000000000001ecec                G_DoNewGame
                0x000000000001eda0                G_InitNew
                0x000000000001f19c                G_ReadDemoTiccmd
                0x000000000001f3b0                G_WriteDemoTiccmd
                0x000000000001f534                G_RecordDemo
                0x000000000001f634                G_VanillaVersionCode
                0x000000000001f6a0                G_BeginRecording
                0x000000000001f8ca                G_DeferedPlayDemo
                0x000000000001f9da                G_DoPlayDemo
                0x000000000001fcae                G_TimeDemo
                0x000000000001fd0c                G_CheckDemoStatus
 .text          0x000000000001feec      0xa58 build/hu_lib.o
                0x000000000001feec                HUlib_init
                0x000000000001fefa                HUlib_clearTextLine
                0x000000000001ff24                HUlib_initTextLine
                0x000000000001ff84                HUlib_addCharToTextLine
                0x000000000001ffec                HUlib_delCharFromTextLine
                0x0000000000020036                HUlib_drawTextLine
                0x000000000002020c                HUlib_eraseTextLine
                0x000000000002036a                HUlib_initSText
                0x0000000000020452                HUlib_addLineToSText
                0x00000000000204f4                HUlib_addMessageToSText
                0x00000000000205a6                HUlib_drawSText
                0x000000000002063e                HUlib_eraseSText
                0x00000000000206d0                HUlib_initIText
                0x000000000002073a                HUlib_delCharFromIText
                0x000000000002076e                HUlib_eraseLineFromIText
                0x00000000000207a6                HUlib_resetIText
                0x00000000000207d2                HUlib_addPrefixToIText
                0x0000000000020824                HUlib_keyInIText
                0x00000000000208bc                HUlib_drawIText
                0x00000000000208f4                HUlib_eraseIText
 .text          0x0000000000020944      0xc48 build/hu_stuff.o
                0x0000000000020944                HU_Init
                0x00000000000209ea                HU_Stop
                0x0000000000020a00                HU_Start
                0x0000000000020cea                HU_Drawer
                0x0000000000020d38                HU_Erase
                0x0000000000020d7a                HU_Ticker
                0x000000000002106e                HU_queueChatChar
                0x00000000000210ec                HU_dequeueChatChar
                0x000000000002114e                HU_Responder
 .text          0x000000000002158c       0x12 build/i_endoom.o
                0x000000000002158c                I_Endoom
 .text          0x000000000002159e       0xfc build/i_joystick.o
                0x000000000002159e                I_ShutdownJoystick
                0x00000000000215ac                I_InitJoystick
                0x00000000000215ba                I_UpdateJoystick
                0x00000000000215c8                I_BindJoystickVariables
 .text          0x000000000002169a      0x724 build/i_sound.o
                0x000000000002187a                I_InitSound
                0x0000000000021954                I_ShutdownSound
                0x0000000000021992                I_GetSfxLumpNum
                0x00000000000219c8                I_UpdateSound
                0x0000000000021a84                I_UpdateSoundParams
                0x0000000000021ae6                I_StartSound
                0x0000000000021b52                I_StopSound
                0x0000000000021b86                I_SoundIsPlaying
                0x0000000000021bc2                I_PrecacheSounds
                0x0000000000021c0a                I_InitMusic
                0x0000000000021c18                I_ShutdownMusic
                0x0000000000021c26                I_SetMusicVolume
                0x0000000000021c5a                I_PauseSong
                0x0000000000021c82                I_ResumeSong
                0x0000000000021caa                I_RegisterSong
                0x0000000000021cec                I_UnRegisterSong
                0x0000000000021d1c                I_PlaySong
                0x0000000000021d58                I_StopSong
                0x0000000000021d80                I_MusicIsPlaying
                0x0000000000021db0                I_BindSoundVariables
 .text          0x0000000000021dbe      0x648 build/i_system.o
                0x0000000000021dbe                I_AtExit
                0x0000000000021e18                I_Tactile
                0x0000000000021ed0                I_ZoneBase
                0x0000000000021f96                I_PrintBanner
                0x0000000000021fb8                I_PrintDivider
                0x0000000000021fc6                I_PrintStartupBanner
                0x0000000000022010                I_ConsoleStdout
                0x0000000000022020                I_Quit
                0x000000000002205a                I_Error
                0x00000000000220f4                I_GetMemoryValue
 .text          0x0000000000022406      0x13c build/i_timer.o
                0x0000000000022406                I_GetTicks
                0x0000000000022454                I_GetTime
                0x00000000000224c2                I_GetTimeMS
                0x000000000002250c                I_Sleep
                0x0000000000022520                I_WaitVBL
                0x0000000000022534                I_InitTimer
 .text          0x0000000000022542      0x160 build/m_argv.o
                0x0000000000022542                M_CheckParmWithArgs
                0x000000000002258c                M_ParmExists
                0x00000000000225ba                M_CheckParm
                0x00000000000225f4                M_FindResponseFile
                0x000000000002265a                M_GetExecutableName
 .text          0x00000000000226a2       0xd8 build/m_bbox.o
                0x00000000000226a2                M_ClearBox
                0x00000000000226e2                M_AddToBox
 .text          0x000000000002277a      0x152 build/m_cheat.o
                0x000000000002277a                cht_CheckCheat
                0x0000000000022894                cht_GetParam
 .text          0x00000000000228cc      0x7d6 build/m_config.o
                0x0000000000022ade                M_SetConfigFilenames
                0x0000000000022b0c                M_SaveDefaults
                0x0000000000022b3e                M_SaveDefaultsAlternate
                0x0000000000022bb4                M_LoadDefaults
                0x0000000000022da4                M_BindVariable
                0x0000000000022de0                M_SetVariable
                0x0000000000022e2e                M_GetIntVariable
                0x0000000000022e84                M_GetStrVariable
                0x0000000000022ed2                M_GetFloatVariable
                0x0000000000022f8c                M_SetConfigDir
                0x0000000000023012                M_GetSaveGameDir
 .text          0x00000000000230a2      0xbd8 build/m_controls.o
                0x00000000000230a2                M_BindBaseControls
                0x000000000002333c                M_BindHereticControls
                0x0000000000023426                M_BindHexenControls
                0x0000000000023540                M_BindStrifeControls
                0x000000000002371a                M_BindWeaponControls
                0x000000000002387c                M_BindMapControls
                0x00000000000239ae                M_BindMenuControls
                0x0000000000023c18                M_BindChatControls
                0x0000000000023c6c                M_ApplyPlatformDefaults
 .text          0x0000000000023c7a       0xba build/m_fixed.o
                0x0000000000023c7a                FixedMul
                0x0000000000023ca6                FixedDiv
 .text          0x0000000000023d34     0x3048 build/m_menu.o
                0x0000000000023d34                M_ReadSaveStrings
                0x0000000000023e36                M_DrawLoad
                0x0000000000023f10                M_DrawSaveLoadBorder
                0x0000000000023ff6                M_LoadSelect
                0x0000000000024048                M_LoadGame
                0x0000000000024096                M_DrawSave
                0x00000000000241ee                M_DoSave
                0x0000000000024250                M_SaveSelect
                0x000000000002431a                M_SaveGame
                0x0000000000024376                M_QuickSaveResponse
                0x00000000000243be                M_QuickSave
                0x00000000000243cc                M_QuickLoadResponse
                0x0000000000024414                M_QuickLoad
                0x00000000000244b8                M_DrawReadThis1
                0x00000000000245f6                M_DrawReadThis2
                0x0000000000024634                M_DrawSound
                0x00000000000246da                M_Sound
                0x0000000000024702                M_SfxVol
                0x000000000002479a                M_MusicVol
                0x0000000000024832                M_DrawMainMenu
                0x0000000000024868                M_DrawNewGame
                0x00000000000248c4                M_NewGame
                0x0000000000024946                M_DrawEpisode
                0x000000000002497e                M_VerifyNightmare
                0x00000000000249cc                M_ChooseSkill
                0x0000000000024a34                M_Episode
                0x0000000000024ac0                M_DrawOptions
                0x0000000000024c20                M_Options
                0x0000000000024c48                M_ChangeMessages
                0x0000000000024cd8                M_EndGameResponse
                0x0000000000024d28                M_EndGame
                0x0000000000024d96                M_ReadThis
                0x0000000000024dc2                M_ReadThis2
                0x0000000000024e1c                M_FinishReadThis
                0x0000000000024e48                M_QuitResponse
                0x0000000000024f74                M_QuitDOOM
                0x0000000000024fce                M_ChangeSensitivity
                0x000000000002504a                M_ChangeDetail
                0x00000000000250f0                M_SizeDisplay
                0x00000000000251ba                M_DrawThermo
                0x00000000000252e6                M_DrawEmptyCell
                0x0000000000025358                M_DrawSelCell
                0x00000000000253ca                M_StartMessage
                0x0000000000025432                M_StopMessage
                0x000000000002545c                M_StringWidth
                0x0000000000025520                M_StringHeight
                0x00000000000255b6                M_WriteText
                0x0000000000025750                M_Responder
                0x0000000000026784                M_StartControlPanel
                0x00000000000267cc                M_Drawer
                0x0000000000026b64                M_ClearMenus
                0x0000000000026b7a                M_SetupNextMenu
                0x0000000000026bac                M_Ticker
                0x0000000000026c0e                M_Init
 .text          0x0000000000026d7c      0xa16 build/m_misc.o
                0x0000000000026d7c                M_MakeDirectory
                0x0000000000026d8e                M_FileExists
                0x0000000000026dd6                M_FileLength
                0x0000000000026dea                M_WriteFile
                0x0000000000026e70                M_ReadFile
                0x0000000000026f44                M_TempFile
                0x0000000000026f82                M_StrToInt
                0x000000000002702c                M_ExtractFileBase
                0x000000000002712c                M_ForceUppercase
                0x0000000000027184                M_StrCaseStr
                0x000000000002723c                M_StringDuplicate
                0x000000000002728e                M_StringReplace
                0x0000000000027426                M_StringCopy
                0x00000000000274a4                M_StringConcat
                0x0000000000027514                M_StringStartsWith
                0x0000000000027582                M_StringEndsWith
                0x000000000002759a                M_StringJoin
                0x00000000000276aa                M_vsnprintf
                0x000000000002772e                M_snprintf
 .text          0x0000000000027792       0xaa build/m_random.o
                0x0000000000027792                P_Random
                0x00000000000277d4                M_Random
                0x0000000000027816                M_ClearRandom
 .text          0x000000000002783c      0x688 build/p_ceilng.o
                0x000000000002783c                T_MoveCeiling
                0x0000000000027a54                EV_DoCeiling
                0x0000000000027c34                P_AddActiveCeiling
                0x0000000000027c8e                P_RemoveActiveCeiling
                0x0000000000027d28                P_ActivateInStasisCeiling
                0x0000000000027de8                EV_CeilingCrushStop
 .text          0x0000000000027ec4      0xbe2 build/p_doors.o
                0x0000000000027ec4                T_VerticalDoor
                0x00000000000281ba                EV_DoLockedDoor
                0x00000000000282fe                EV_DoDoor
                0x0000000000028598                EV_VerticalDoor
                0x000000000002895c                P_SpawnDoorCloseIn30
                0x00000000000289e2                P_SpawnDoorRaiseIn5Mins
 .text          0x0000000000028aa6     0x381a build/p_enemy.o
                0x0000000000028aa6                P_RecursiveSound
                0x0000000000028c28                P_NoiseAlert
                0x0000000000028c78                P_CheckMeleeRange
                0x0000000000028d1e                P_CheckMissileRange
                0x0000000000028ee2                P_Move
                0x00000000000290dc                P_TryWalk
                0x0000000000029122                P_NewChaseDir
                0x0000000000029486                P_LookForPlayers
                0x0000000000029628                A_KeenDie
                0x00000000000296d8                A_Look
                0x0000000000029854                A_Chase
                0x0000000000029b7e                A_FaceTarget
                0x0000000000029c3c                A_PosAttack
                0x0000000000029d10                A_SPosAttack
                0x0000000000029e02                A_CPosAttack
                0x0000000000029ed6                A_CPosRefire
                0x0000000000029f56                A_SpidRefire
                0x0000000000029fd4                A_BspiAttack
                0x000000000002a018                A_TroopAttack
                0x000000000002a0cc                A_SargAttack
                0x000000000002a148                A_HeadAttack
                0x000000000002a1e8                A_CyberAttack
                0x000000000002a22c                A_BruisAttack
                0x000000000002a2d8                A_SkelMissile
                0x000000000002a386                A_Tracer
                0x000000000002a674                A_SkelWhoosh
                0x000000000002a6b0                A_SkelFist
                0x000000000002a746                PIT_VileCheck
                0x000000000002a8a0                A_VileChase
                0x000000000002ab22                A_VileStart
                0x000000000002ab48                A_StartFire
                0x000000000002ab7a                A_FireCrackle
                0x000000000002abac                A_Fire
                0x000000000002aca0                A_VileTarget
                0x000000000002ad22                A_VileAttack
                0x000000000002ae60                A_FatRaise
                0x000000000002ae92                A_FatAttack1
                0x000000000002af8c                A_FatAttack2
                0x000000000002b086                A_FatAttack3
                0x000000000002b1f4                A_SkullAttack
                0x000000000002b34e                A_PainShootSkull
                0x000000000002b504                A_PainAttack
                0x000000000002b544                A_PainDie
                0x000000000002b5ba                A_Scream
                0x000000000002b69e                A_XScream
                0x000000000002b6c2                A_Pain
                0x000000000002b6f8                A_Fall
                0x000000000002b720                A_Explode
                0x000000000002b8be                A_BossDeath
                0x000000000002bb0c                A_Hoof
                0x000000000002bb3e                A_Metal
                0x000000000002bb70                A_BabyMetal
                0x000000000002bba2                A_OpenShotgun2
                0x000000000002bbce                A_LoadShotgun2
                0x000000000002bbfa                A_CloseShotgun2
                0x000000000002bc36                A_BrainAwake
                0x000000000002bd00                A_BrainPain
                0x000000000002bd24                A_BrainScream
                0x000000000002be32                A_BrainExplode
                0x000000000002bf24                A_BrainDie
                0x000000000002bf42                A_BrainSpit
                0x000000000002c034                A_SpawnSound
                0x000000000002c066                A_SpawnFly
                0x000000000002c266                A_PlayerScream
 .text          0x000000000002c2c0      0xdb8 build/p_floor.o
                0x000000000002c2c0                T_MovePlane
                0x000000000002c6c0                T_MoveFloor
                0x000000000002c7fa                EV_DoFloor
                0x000000000002cdd8                EV_BuildStairs
 .text          0x000000000002d078     0x1890 build/p_inter.o
                0x000000000002d078                P_GiveAmmo
                0x000000000002d30a                P_GiveWeapon
                0x000000000002d512                P_GiveBody
                0x000000000002d580                P_GiveArmor
                0x000000000002d5d4                P_GiveCard
                0x000000000002d61c                P_GivePower
                0x000000000002d74a                P_TouchSpecialThing
                0x000000000002e0de                P_KillMobj
                0x000000000002e41e                P_DamageMobj
 .text          0x000000000002e908      0x848 build/p_lights.o
                0x000000000002e908                T_FireFlicker
                0x000000000002e9c4                P_SpawnFireFlicker
                0x000000000002ea58                T_LightFlash
                0x000000000002eb16                P_SpawnLightFlash
                0x000000000002ebd2                T_StrobeFlash
                0x000000000002ec60                P_SpawnStrobeFlash
                0x000000000002ed4c                EV_StartLightStrobing
                0x000000000002edc0                EV_TurnTagLightsOff
                0x000000000002eeb8                EV_LightTurnOn
                0x000000000002efb2                T_Glow
                0x000000000002f0c0                P_SpawnGlowingLight
 .text          0x000000000002f150     0x2796 build/p_map.o
                0x000000000002f150                PIT_StompThing
                0x000000000002f244                P_TeleportMove
                0x000000000002f4ea                PIT_CheckLine
                0x000000000002f6ae                PIT_CheckThing
                0x000000000002fa2a                P_CheckPosition
                0x000000000002fd8e                P_TryMove
                0x000000000002fff0                P_ThingHeightClip
                0x00000000000300ca                P_HitSlideLine
                0x0000000000030288                PTR_SlideTraverse
                0x00000000000303cc                P_SlideMove
                0x000000000003077e                PTR_AimTraverse
                0x0000000000030a36                PTR_ShootTraverse
                0x0000000000030f4e                P_AimLineAttack
                0x0000000000031088                P_LineAttack
                0x00000000000311a2                PTR_UseTraverse
                0x000000000003125c                P_UseLines
                0x0000000000031310                PIT_RadiusAttack
                0x000000000003144e                P_RadiusAttack
                0x00000000000315aa                PIT_ChangeSector
                0x0000000000031718                P_ChangeSector
 .text          0x00000000000318e6     0x17a2 build/p_maputl.o
                0x00000000000318e6                P_AproxDistance
                0x0000000000031982                P_PointOnLineSide
                0x0000000000031aa8                P_BoxOnLineSide
                0x0000000000031c6a                P_PointOnDivlineSide
                0x0000000000031dd2                P_MakeDivline
                0x0000000000031e1c                P_InterceptVector
                0x0000000000031f16                P_LineOpening
                0x0000000000031fec                P_UnsetThingPosition
                0x0000000000032124                P_SetThingPosition
                0x000000000003229a                P_BlockLinesIterator
                0x00000000000323b6                P_BlockThingsIterator
                0x000000000003246a                PIT_AddLineIntercepts
                0x000000000003267a                PIT_AddThingIntercepts
                0x000000000003287e                P_TraverseIntercepts
                0x0000000000032b6a                P_PathTraverse
 .text          0x0000000000033088     0x2174 build/p_mobj.o
                0x0000000000033088                P_SetMobjState
                0x0000000000033138                P_ExplodeMissile
                0x0000000000033214                P_XYMovement
                0x0000000000033632                P_ZMovement
                0x00000000000339be                P_NightmareRespawn
                0x0000000000033ba6                P_MobjThinker
                0x0000000000033cf8                P_SpawnMobj
                0x0000000000033efa                P_RemoveMobj
                0x000000000003402e                P_RespawnSpecials
                0x00000000000342c6                P_SpawnPlayer
                0x0000000000034598                P_SpawnMapThing
                0x0000000000034b0e                P_SpawnPuff
                0x0000000000034bec                P_SpawnBlood
                0x0000000000034cfa                P_CheckMissileSpawn
                0x0000000000034dd4                P_SubstNullMobj
                0x0000000000034e2c                P_SpawnMissile
                0x0000000000035018                P_SpawnPlayerMissile
 .text          0x00000000000351fc      0x894 build/p_plats.o
                0x00000000000351fc                T_PlatRaise
                0x0000000000035436                EV_DoPlat
                0x00000000000357e0                P_ActivateInStasis
                0x00000000000358a6                EV_StopPlat
                0x000000000003597c                P_AddActivePlat
                0x00000000000359ea                P_RemoveActivePlat
 .text          0x0000000000035a90     0x16e4 build/p_pspr.o
                0x0000000000035a90                P_SetPsprite
                0x0000000000035b78                P_CalcSwing
                0x0000000000035c42                P_BringUpWeapon
                0x0000000000035ce6                P_CheckAmmo
                0x0000000000035ee8                P_FireWeapon
                0x0000000000035f74                P_DropWeapon
                0x0000000000035fba                A_WeaponReady
                0x0000000000036180                A_ReFire
                0x00000000000361fc                A_CheckReload
                0x0000000000036222                A_Lower
                0x00000000000362b2                A_Raise
                0x0000000000036334                A_GunFlash
                0x0000000000036392                A_Punch
                0x00000000000364c0                A_Saw
                0x0000000000036760                A_FireMissile
                0x00000000000367be                A_FireBFG
                0x000000000003681e                A_FirePlasma
                0x00000000000368c2                P_BulletSlope
                0x000000000003697c                P_GunShot
                0x0000000000036a24                A_FirePistol
                0x0000000000036af8                A_FireShotgun
                0x0000000000036bda                A_FireShotgun2
                0x0000000000036d62                A_FireCGun
                0x0000000000036e9a                A_Light0
                0x0000000000036eb8                A_Light1
                0x0000000000036ed8                A_Light2
                0x0000000000036ef8                A_BFGSpray
                0x0000000000037026                A_BFGsound
                0x0000000000037052                P_SetupPsprites
                0x00000000000370b6                P_MovePsprites
 .text          0x0000000000037174     0x3004 build/p_saveg.o
                0x0000000000037174                P_TempSaveGameFile
                0x00000000000371be                P_SaveGameFile
                0x00000000000391be                P_WriteSaveGameHeader
                0x0000000000039368                P_ReadSaveGameHeader
                0x0000000000039508                P_ReadSaveGameEOF
                0x0000000000039540                P_WriteSaveGameEOF
                0x000000000003955c                P_ArchivePlayers
                0x00000000000395ce                P_UnArchivePlayers
                0x000000000003968e                P_ArchiveWorld
                0x00000000000398ba                P_UnArchiveWorld
                0x0000000000039af4                P_ArchiveThinkers
                0x0000000000039b6c                P_UnArchiveThinkers
                0x0000000000039cc4                P_ArchiveSpecials
                0x0000000000039edc                P_UnArchiveSpecials
 .text          0x000000000003a178     0x1d62 build/p_setup.o
                0x000000000003a178                P_LoadVertexes
                0x000000000003a298                GetSectorAtNullAddress
                0x000000000003a304                P_LoadSegs
                0x000000000003a5fe                P_LoadSubsectors
                0x000000000003a732                P_LoadSectors
                0x000000000003a932                P_LoadNodes
                0x000000000003ab6e                P_LoadThings
                0x000000000003ad1a                P_LoadLineDefs
                0x000000000003b0c8                P_LoadSideDefs
                0x000000000003b2b4                P_LoadBlockMap
                0x000000000003b44a                P_GroupLines
                0x000000000003baf6                P_SetupLevel
                0x000000000003be68                P_Init
 .text          0x000000000003beda      0x916 build/p_sight.o
                0x000000000003beda                P_DivlineSide
                0x000000000003c02c                P_InterceptVector2
                0x000000000003c126                P_CrossSubsector
                0x000000000003c4be                P_CrossBSPNode
                0x000000000003c5f8                P_CheckSight
 .text          0x000000000003c7f0     0x1a92 build/p_spec.o
                0x000000000003c7f0                P_InitPicAnims
                0x000000000003c9de                getSide
                0x000000000003ca40                getSector
                0x000000000003caa4                twoSided
                0x000000000003caea                getNextSector
                0x000000000003cb34                P_FindLowestFloorSurrounding
                0x000000000003cbc4                P_FindHighestFloorSurrounding
                0x000000000003cc52                P_FindNextHighestFloor
                0x000000000003cd98                P_FindLowestCeilingSurrounding
                0x000000000003ce2a                P_FindHighestCeilingSurrounding
                0x000000000003ceb4                P_FindSectorFromLineTag
                0x000000000003cf1c                P_FindMinSurroundingLight
                0x000000000003cfb6                P_CrossSpecialLine
                0x000000000003d6cc                P_ShootSpecialLine
                0x000000000003d7a0                P_PlayerInSpecialSector
                0x000000000003d944                P_UpdateSpecials
                0x000000000003dd84                EV_DoDonut
                0x000000000003df8a                P_SpawnSpecials
 .text          0x000000000003e282      0xe8a build/p_switch.o
                0x000000000003e282                P_InitSwitchList
                0x000000000003e3f8                P_StartButton
                0x000000000003e528                P_ChangeSwitchTexture
                0x000000000003e804                P_UseSpecialLine
 .text          0x000000000003f10c      0x2b4 build/p_telept.o
                0x000000000003f10c                EV_Teleport
 .text          0x000000000003f3c0      0x21a build/p_tick.o
                0x000000000003f3c0                P_InitThinkers
                0x000000000003f3f4                P_AddThinker
                0x000000000003f442                P_RemoveThinker
                0x000000000003f45c                P_AllocateThinker
                0x000000000003f46e                P_RunThinkers
                0x000000000003f4f6                P_Ticker
 .text          0x000000000003f5da      0x9be build/p_user.o
                0x000000000003f5da                P_Thrust
                0x000000000003f67e                P_CalcHeight
                0x000000000003f8d8                P_MovePlayer
                0x000000000003f9fe                P_DeathThink
                0x000000000003fbcc                P_PlayerThink
 .text          0x000000000003ff98      0xcbe build/r_bsp.o
                0x000000000003ff98                R_ClearDrawSegs
                0x000000000003ffb6                R_ClipSolidWallSegment
                0x00000000000401ba                R_ClipPassWallSegment
                0x00000000000402e4                R_ClearClipSegs
                0x0000000000040342                R_AddLine
                0x000000000004065e                R_CheckBBox
                0x000000000004099c                R_Subsector
                0x0000000000040b58                R_RenderBSPNode
 .text          0x0000000000040c56     0x1a0e build/r_data.o
                0x0000000000040c56                R_DrawColumnInCache
                0x0000000000040d44                R_GenerateComposite
                0x0000000000040f64                R_GenerateLookup
                0x00000000000412a4                R_GetColumn
                0x00000000000414a8                R_InitTextures
                0x0000000000041cec                R_InitFlats
                0x0000000000041dca                R_InitSpriteLumps
                0x0000000000041fc0                R_InitColormaps
                0x0000000000042002                R_InitData
                0x0000000000042064                R_FlatNumForName
                0x00000000000420da                R_CheckTextureNumForName
                0x0000000000042176                R_TextureNumForName
                0x00000000000421c4                R_PrecacheLevel
 .text          0x0000000000042664     0x16d0 build/r_draw.o
                0x0000000000042664                R_DrawColumn
                0x00000000000427c2                R_DrawColumnLow
                0x000000000004297a                R_DrawFuzzColumn
                0x0000000000042b5a                R_DrawFuzzColumnLow
                0x0000000000042dbe                R_DrawTranslatedColumn
                0x0000000000042f26                R_DrawTranslatedColumnLow
                0x000000000004310a                R_InitTranslationTables
                0x0000000000043248                R_DrawSpan
                0x0000000000043410                R_DrawSpanLow
                0x0000000000043638                R_InitBuffer
                0x000000000004374c                R_FillBackScreen
                0x0000000000043b70                R_VideoErase
                0x0000000000043bca                R_DrawViewBorder
 .text          0x0000000000043d34     0x14e8 build/r_main.o
                0x0000000000043d34                R_AddPointToBox
                0x0000000000043dc8                R_PointOnSide
                0x0000000000043f24                R_PointOnSegSide
                0x00000000000440b6                R_PointToAngle
                0x000000000004432e                R_PointToAngle2
                0x000000000004438a                R_PointToDist
                0x0000000000044496                R_InitPointToAngle
                0x00000000000444a4                R_ScaleFromGlobalAngle
                0x00000000000445fa                R_InitTables
                0x0000000000044608                R_InitTextureMapping
                0x0000000000044898                R_InitLightTables
                0x0000000000044998                R_SetViewSize
                0x00000000000449d6                R_ExecuteSetViewSize
                0x0000000000044e8a                R_Init
                0x0000000000044f58                R_PointInSubsector
                0x0000000000045012                R_SetupFrame
                0x0000000000045194                R_RenderPlayerView
 .text          0x000000000004521c      0xc7e build/r_plane.o
                0x000000000004521c                R_InitPlanes
                0x000000000004522a                R_MapPlane
                0x0000000000045574                R_ClearPlanes
                0x000000000004569a                R_FindPlane
                0x00000000000457dc                R_CheckPlane
                0x0000000000045952                R_MakeSpans
                0x0000000000045aca                R_DrawPlanes
 .text          0x0000000000045e9a     0x1cac build/r_segs.o
                0x0000000000045e9a                R_RenderMaskedSegRange
                0x00000000000462da                R_RenderSegLoop
                0x0000000000046a58                R_StoreWallRange
 .text          0x0000000000047b46       0x1a build/r_sky.o
                0x0000000000047b46                R_InitSkyMap
 .text          0x0000000000047b60     0x1d80 build/r_things.o
                0x0000000000047b60                R_InstallSpriteLump
                0x0000000000047e40                R_InitSpriteDefs
                0x0000000000048270                R_InitSprites
                0x00000000000482c8                R_ClearSprites
                0x00000000000482e6                R_NewVisSprite
                0x0000000000048332                R_DrawMaskedColumn
                0x00000000000484f6                R_DrawVisSprite
                0x0000000000048724                R_ProjectSprite
                0x0000000000048c68                R_AddSprites
                0x0000000000048d46                R_DrawPSprite
                0x00000000000490c4                R_DrawPlayerSprites
                0x00000000000491cc                R_SortVisSprites
                0x0000000000049396                R_DrawSprite
                0x0000000000049818                R_DrawMasked
 .text          0x00000000000498e0     0x37ee build/sha1.o
                0x00000000000498e0                SHA1_Init
                0x000000000004c994                SHA1_Update
                0x000000000004cb0c                SHA1_Final
                0x000000000004d01e                SHA1_UpdateInt32
                0x000000000004d090                SHA1_UpdateString
 .text          0x000000000004d0ce       0x8c build/statdump.o
                0x000000000004d0ce                StatCopy
                0x000000000004d14c                StatDump
 .text          0x000000000004d15a      0x7f4 build/st_lib.o
                0x000000000004d15a                STlib_init
                0x000000000004d188                STlib_initNum
                0x000000000004d1fe                STlib_drawNum
                0x000000000004d46c                STlib_updateNum
                0x000000000004d4a4                STlib_initPercent
                0x000000000004d502                STlib_updatePercent
                0x000000000004d564                STlib_initMultIcon
                0x000000000004d5c8                STlib_updateMultIcon
                0x000000000004d780                STlib_initBinIcon
                0x000000000004d7e4                STlib_updateBinIcon
 .text          0x000000000004d94e     0x2222 build/st_stuff.o
                0x000000000004d94e                ST_refreshBackground
                0x000000000004d9de                ST_Responder
                0x000000000004e326                ST_calcPainOffset
                0x000000000004e3ac                ST_updateFaceWidget
                0x000000000004e882                ST_updateWidgets
                0x000000000004eae2                ST_Ticker
                0x000000000004eb38                ST_doPaletteStuff
                0x000000000004ecd0                ST_drawWidgets
                0x000000000004eeaa                ST_doRefresh
                0x000000000004eed6                ST_diffDraw
                0x000000000004eef2                ST_Drawer
                0x000000000004f418                ST_loadGraphics
                0x000000000004f43a                ST_loadData
                0x000000000004f4be                ST_unloadGraphics
                0x000000000004f4e0                ST_unloadData
                0x000000000004f4fa                ST_initData
                0x000000000004f618                ST_createWidgets
                0x000000000004fab6                ST_Start
                0x000000000004faf2                ST_Stop
                0x000000000004fb3a                ST_Init
 .text          0x000000000004fb70      0xdd6 build/s_sound.o
                0x000000000004fb70                S_Init
                0x000000000004fca4                S_Shutdown
                0x000000000004fd26                S_Start
                0x000000000004fe4e                S_StopSound
                0x0000000000050252                S_StartSound
                0x0000000000050486                S_PauseSound
                0x00000000000504be                S_ResumeSound
                0x00000000000504f4                S_UpdateSounds
                0x0000000000050658                S_SetMusicVolume
                0x00000000000506ae                S_SetSfxVolume
                0x0000000000050702                S_StartMusic
                0x000000000005072a                S_ChangeMusic
                0x00000000000508b6                S_MusicPlaying
                0x00000000000508d4                S_StopMusic
 .text          0x0000000000050946       0x70 build/tables.o
                0x0000000000050946                SlopeDiv
 .text          0x00000000000509b6     0x1ca8 build/v_video.o
                0x00000000000509b6                V_MarkRect
                0x0000000000050a4c                V_CopyRect
                0x0000000000050bdc                V_SetPatchClipCallback
                0x0000000000050bfa                V_DrawPatch
                0x0000000000050f42                V_DrawPatchFlipped
                0x0000000000051212                V_DrawPatchDirect
                0x000000000005124e                V_DrawTLPatch
                0x00000000000514bc                V_DrawXlaPatch
                0x00000000000516d8                V_DrawAltTLPatch
                0x0000000000051946                V_DrawShadowedPatch
                0x0000000000051c20                V_LoadTintTable
                0x0000000000051c4e                V_LoadXlaTable
                0x0000000000051c7c                V_DrawBlock
                0x0000000000051d86                V_DrawFilledBox
                0x0000000000051e4e                V_DrawHorizLine
                0x0000000000051edc                V_DrawVertLine
                0x0000000000051f6e                V_DrawBox
                0x000000000005202c                V_DrawRawScreen
                0x000000000005205e                V_Init
                0x000000000005206c                V_UseBuffer
                0x000000000005208a                V_RestoreBuffer
                0x00000000000520a8                WritePCXfile
                0x00000000000523de                V_ScreenShot
                0x00000000000523f0                V_DrawMouseSpeedBox
 .text          0x000000000005265e     0x39d4 build/wi_stuff.o
                0x000000000005265e                WI_slamBackground
                0x0000000000052686                WI_Responder
                0x000000000005269a                WI_drawLF
                0x000000000005285c                WI_drawEL
                0x000000000005298e                WI_drawOnLnode
                0x0000000000052bba                WI_initAnimatedBack
                0x0000000000052d08                WI_updateAnimatedBack
                0x0000000000052f18                WI_drawAnimatedBack
                0x0000000000052fe2                WI_drawNum
                0x000000000005314c                WI_drawPercent
                0x00000000000531b8                WI_drawTime
                0x0000000000053318                WI_End
                0x0000000000053332                WI_initNoState
                0x000000000005335c                WI_updateNoState
                0x000000000005339e                WI_initShowNextLoc
                0x00000000000533d6                WI_updateShowNextLoc
                0x000000000005344e                WI_drawShowNextLoc
                0x0000000000053570                WI_drawNoState
                0x0000000000053594                WI_fragSum
                0x0000000000053652                WI_initDeathmatchStats
                0x0000000000053726                WI_updateDeathmatchStats
                0x0000000000053b92                WI_drawDeathmatchStats
                0x0000000000053f68                WI_initNetgameStats
                0x00000000000540a2                WI_updateNetgameStats
                0x00000000000547fe                WI_drawNetgameStats
                0x0000000000054d48                WI_initStats
                0x0000000000054dd6                WI_updateStats
                0x000000000005543e                WI_drawStats
                0x00000000000555ee                WI_checkForAccelerate
                0x00000000000556b8                WI_Ticker
                0x0000000000055d62                WI_loadData
                0x0000000000055e4c                WI_unloadData
                0x0000000000055e6e                WI_Drawer
                0x0000000000055ee8                WI_initVariables
                0x0000000000055fd8                WI_Start
 .text          0x0000000000056032      0x1de build/w_checksum.o
                0x0000000000056188                W_Checksum
 .text          0x0000000000056210      0x128 build/w_file.o
                0x0000000000056210                W_OpenFile
                0x0000000000056258                W_CloseFile
                0x000000000005626a                W_Read
 .text          0x0000000000056338       0xbe build/w_main.o
                0x0000000000056338                W_ParseCommandLine
 .text          0x00000000000563f6      0xc98 build/w_wad.o
                0x00000000000563f6                W_LumpNameHash
                0x000000000005662c                W_AddFile
                0x0000000000056974                W_NumLumps
                0x000000000005698c                W_CheckNumForName
                0x0000000000056a9e                W_GetNumForName
                0x0000000000056b20                W_LumpLength
                0x0000000000056b7c                W_ReadLump
                0x0000000000056c68                W_CacheLumpNum
                0x0000000000056d74                W_CacheLumpName
                0x0000000000056db2                W_ReleaseLumpNum
                0x0000000000056e32                W_ReleaseLumpName
                0x0000000000056e60                W_GenerateHashTable
                0x0000000000056f96                W_CheckCorrectIWAD
 .text          0x000000000005708e      0xa70 build/z_zone.o
                0x000000000005708e                Z_ClearZone
                0x0000000000057118                Z_Init
                0x0000000000057248                Z_Free
                0x000000000005739e                Z_Malloc
                0x00000000000575be                Z_FreeTags
                0x0000000000057658                Z_DumpHeap
                0x00000000000577a8                Z_FileDumpHeap
                0x00000000000578c4                Z_CheckHeap
                0x000000000005797c                Z_ChangeTag2
                0x0000000000057a18                Z_ChangeUser
                0x0000000000057a76                Z_FreeMemory
                0x0000000000057ae4                Z_ZoneSize
 *(.gnu.warning)

.fini
 *(SORT_NONE(.fini))
                [!provide]                        PROVIDE (__etext = .)
                [!provide]                        PROVIDE (_etext = .)
                [!provide]                        PROVIDE (etext = .)

.rodata         0x0000000000057b00    0x1a14e
 *(.rodata .rodata.* .gnu.linkonce.r.*)
 .rodata        0x0000000000057b00       0xc2 build/i_video_fbdev.o
 *fill*         0x0000000000057bc2        0x6 
 .rodata        0x0000000000057bc8      0x310 build/i_main.o
                0x0000000000057bc8                HEXTABLE
 .rodata        0x0000000000057ed8       0x72 build/am_map.o
 *fill*         0x0000000000057f4a        0x6 
 .rodata        0x0000000000057f50      0x363 build/dstrings.o
 *fill*         0x00000000000582b3        0x5 
 .rodata        0x00000000000582b8      0x18e build/d_iwad.o
 *fill*         0x0000000000058446        0x2 
 .rodata        0x0000000000058448       0x77 build/d_loop.o
 *fill*         0x00000000000584bf        0x1 
 .rodata        0x00000000000584c0     0x1328 build/d_main.o
 .rodata        0x00000000000597e8       0x7c build/d_mode.o
 *fill*         0x0000000000059864        0x4 
 .rodata        0x0000000000059868      0x1b0 build/d_net.o
 .rodata        0x0000000000059a18     0x2087 build/f_finale.o
 *fill*         0x000000000005ba9f        0x1 
 .rodata        0x000000000005baa0      0x494 build/g_game.o
 *fill*         0x000000000005bf34        0x4 
 .rodata        0x000000000005bf38      0xe7a build/hu_stuff.o
 *fill*         0x000000000005cdb2        0x6 
 .rodata        0x000000000005cdb8      0x44d build/info.o
 *fill*         0x000000000005d205        0x3 
 .rodata        0x000000000005d208       0x9f build/i_joystick.o
 *fill*         0x000000000005d2a7        0x1 
 .rodata        0x000000000005d2a8       0x29 build/i_sound.o
 *fill*         0x000000000005d2d1        0x7 
 .rodata        0x000000000005d2d8      0x1df build/i_system.o
 *fill*         0x000000000005d4b7        0x1 
 .rodata        0x000000000005d4b8       0x13 build/m_argv.o
 *fill*         0x000000000005d4cb        0x5 
 .rodata        0x000000000005d4d0     0x1188 build/m_config.o
 .rodata        0x000000000005e658      0x796 build/m_controls.o
 *fill*         0x000000000005edee        0x2 
 .rodata        0x000000000005edf0      0x450 build/m_menu.o
 .rodata        0x000000000005f240      0x115 build/m_misc.o
 *fill*         0x000000000005f355        0x3 
 .rodata        0x000000000005f358      0x100 build/m_random.o
 .rodata        0x000000000005f458       0x30 build/p_ceilng.o
 .rodata        0x000000000005f488      0x145 build/p_doors.o
 *fill*         0x000000000005f5cd        0x3 
 .rodata        0x000000000005f5d0       0x3d build/p_enemy.o
 *fill*         0x000000000005f60d        0x3 
 .rodata        0x000000000005f610       0x34 build/p_floor.o
 *fill*         0x000000000005f644        0x4 
 .rodata        0x000000000005f648      0x520 build/p_inter.o
 .rodata        0x000000000005fb68       0x38 build/p_map.o
 .rodata        0x000000000005fba0       0x38 build/p_mobj.o
 .rodata        0x000000000005fbd8       0x5d build/p_plats.o
 *fill*         0x000000000005fc35        0x3 
 .rodata        0x000000000005fc38        0x8 build/p_pspr.o
 .rodata        0x000000000005fc40       0xc0 build/p_saveg.o
 .rodata        0x000000000005fd00       0x64 build/p_setup.o
 *fill*         0x000000000005fd64        0x4 
 .rodata        0x000000000005fd68       0x28 build/p_sight.o
 .rodata        0x000000000005fd90      0x390 build/p_spec.o
 .rodata        0x0000000000060120      0x238 build/p_switch.o
 .rodata        0x0000000000060358       0x23 build/r_bsp.o
 *fill*         0x000000000006037b        0x5 
 .rodata        0x0000000000060380      0x1ca build/r_data.o
 *fill*         0x000000000006054a        0x6 
 .rodata        0x0000000000060550       0xc0 build/r_draw.o
 .rodata        0x0000000000060610        0x2 build/r_main.o
 *fill*         0x0000000000060612        0x6 
 .rodata        0x0000000000060618       0xc0 build/r_plane.o
 .rodata        0x00000000000606d8       0x20 build/r_segs.o
 .rodata        0x00000000000606f8      0x1f0 build/r_things.o
 .rodata        0x00000000000608e8      0x217 build/sounds.o
 *fill*         0x0000000000060aff        0x1 
 .rodata        0x0000000000060b00       0x5a build/statdump.o
 *fill*         0x0000000000060b5a        0x6 
 .rodata        0x0000000000060b60       0x6c build/st_lib.o
 *fill*         0x0000000000060bcc        0x4 
 .rodata        0x0000000000060bd0      0x265 build/st_stuff.o
 *fill*         0x0000000000060e35        0x3 
 .rodata        0x0000000000060e38       0xc1 build/s_sound.o
 *fill*         0x0000000000060ef9        0x7 
 .rodata        0x0000000000060f00    0x10508 build/tables.o
                0x0000000000060f00                finetangent
                0x0000000000064f00                finesine
                0x000000000006ef00                tantoangle
                0x0000000000070f08                gammatable
 .rodata        0x0000000000071408       0xe8 build/v_video.o
 .rodata        0x00000000000714f0      0x161 build/wi_stuff.o
 *fill*         0x0000000000071651        0x7 
 .rodata        0x0000000000071658       0x3a build/w_file.o
 *fill*         0x0000000000071692        0x6 
 .rodata        0x0000000000071698       0x14 build/w_main.o
 *fill*         0x00000000000716ac        0x4 
 .rodata        0x00000000000716b0      0x2a0 build/w_wad.o
 .rodata        0x0000000000071950      0x2fe build/z_zone.o

.rodata1
 *(.rodata1)

.sdata2
 *(.sdata2 .sdata2.* .gnu.linkonce.s2.*)

.sbss2
 *(.sbss2 .sbss2.* .gnu.linkonce.sb2.*)

.eh_frame_hdr
 *(.eh_frame_hdr)
 *(.eh_frame_entry .eh_frame_entry.*)

.eh_frame
 *(.eh_frame)
 *(.eh_frame.*)

.gcc_except_table
 *(.gcc_except_table .gcc_except_table.*)

.gnu_extab
 *(.gnu_extab*)

.exception_ranges
 *(.exception_ranges*)
                0x0000000000072000                . = DATA_SEGMENT_ALIGN (CONSTANT (MAXPAGESIZE), CONSTANT (COMMONPAGESIZE))

.eh_frame
 *(.eh_frame)
 *(.eh_frame.*)

.gnu_extab
 *(.gnu_extab)

.gcc_except_table
 *(.gcc_except_table .gcc_except_table.*)

.exception_ranges
 *(.exception_ranges*)

.tdata          0x0000000000072000        0x0
                [!provide]                        PROVIDE (__tdata_start = .)
 *(.tdata .tdata.* .gnu.linkonce.td.*)

.tbss
 *(.tbss .tbss.* .gnu.linkonce.tb.*)
 *(.tcommon)

.preinit_array  0x0000000000072000        0x0
                [!provide]                        PROVIDE (__preinit_array_start = .)
 *(.preinit_array)
                [!provide]                        PROVIDE (__preinit_array_end = .)

.init_array     0x0000000000072000        0x0
                [!provide]                        PROVIDE (__init_array_start = .)
 *(SORT_BY_INIT_PRIORITY(.init_array.*) SORT_BY_INIT_PRIORITY(.ctors.*))
 *(.init_array EXCLUDE_FILE(*crtend?.o *crtend.o *crtbegin?.o *crtbegin.o) .ctors)
                [!provide]                        PROVIDE (__init_array_end = .)

.fini_array     0x0000000000072000        0x0
                [!provide]                        PROVIDE (__fini_array_start = .)
 *(SORT_BY_INIT_PRIORITY(.fini_array.*) SORT_BY_INIT_PRIORITY(.dtors.*))
 *(.fini_array EXCLUDE_FILE(*crtend?.o *crtend.o *crtbegin?.o *crtbegin.o) .dtors)
                [!provide]                        PROVIDE (__fini_array_end = .)

.ctors
 *crtbegin.o(.ctors)
 *crtbegin?.o(.ctors)
 *(EXCLUDE_FILE(*crtend?.o *crtend.o) .ctors)
 *(SORT_BY_NAME(.ctors.*))
 *(.ctors)

.dtors
 *crtbegin.o(.dtors)
 *crtbegin?.o(.dtors)
 *(EXCLUDE_FILE(*crtend?.o *crtend.o) .dtors)
 *(SORT_BY_NAME(.dtors.*))
 *(.dtors)

.jcr
 *(.jcr)

.data.rel.ro
 *(.data.rel.ro.local* .gnu.linkonce.d.rel.ro.local.*)
 *(.data.rel.ro .data.rel.ro.* .gnu.linkonce.d.rel.ro.*)

.dynamic
 *(.dynamic)
                0x0000000000072000                . = DATA_SEGMENT_RELRO_END (., 0x0)

.data           0x0000000000072000    0x13808
                0x0000000000072000                __DATA_BEGIN__ = .
 *(.data .data.* .gnu.linkonce.d.*)
 .data          0x0000000000072000      0x278 build/am_map.o
                0x0000000000072000                player_arrow
                0x0000000000072070                cheat_player_arrow
                0x0000000000072170                triangle_guy
                0x00000000000721a0                thintriangle_guy
                0x00000000000721d0                cheat_amap
 .data          0x0000000000072278       0x80 build/dstrings.o
                0x0000000000072278                doom1_endmsg
                0x00000000000722b8                doom2_endmsg
 .data          0x00000000000722f8       0xd8 build/d_items.o
                0x00000000000722f8                weaponinfo
 .data          0x00000000000723d0      0x140 build/d_main.o
 .data          0x0000000000072510      0x120 build/d_mode.o
 .data          0x0000000000072630       0x20 build/d_net.o
 .data          0x0000000000072650      0x3e0 build/f_finale.o
                0x0000000000072910                castorder
 .data          0x0000000000072a30       0x30 build/f_wipe.o
 .data          0x0000000000072a60      0x170 build/g_game.o
                0x0000000000072a60                angleturn
                0x0000000000072ab0                pars
                0x0000000000072b50                cpars
 .data          0x0000000000072bd0      0x4d8 build/hu_stuff.o
                0x0000000000072bd0                chat_macros
                0x0000000000072c20                player_names
                0x0000000000072c40                mapnames
                0x0000000000072da8                mapnames_commercial
 .data          0x00000000000730a8     0xccac build/info.o
                0x00000000000730a8                sprnames
                0x0000000000073500                states
                0x000000000007cc18                mobjinfo
 *fill*         0x000000000007fd54        0x4 
 .data          0x000000000007fd58     0x1890 build/m_config.o
 .data          0x00000000000815e8      0x780 build/m_menu.o
                0x00000000000815e8                gammamsg
                0x0000000000081670                skullName
                0x0000000000081680                MainMenu
                0x0000000000081740                MainDef
                0x0000000000081768                EpisodeMenu
                0x00000000000817e8                EpiDef
                0x0000000000081810                NewGameMenu
                0x00000000000818b0                NewDef
                0x00000000000818d8                OptionsMenu
                0x00000000000819d8                OptionsDef
                0x0000000000081a00                ReadMenu1
                0x0000000000081a20                ReadDef1
                0x0000000000081a48                ReadMenu2
                0x0000000000081a68                ReadDef2
                0x0000000000081a90                SoundMenu
                0x0000000000081b10                SoundDef
                0x0000000000081b38                LoadMenu
                0x0000000000081bf8                LoadDef
                0x0000000000081c20                SaveMenu
                0x0000000000081ce0                SaveDef
                0x0000000000081d28                quitsounds
                0x0000000000081d48                quitsounds2
 .data          0x0000000000081d68       0x78 build/p_enemy.o
                0x0000000000081d68                opposite
                0x0000000000081d90                diags
                0x0000000000081da0                xspeed
                0x0000000000081dc0                yspeed
 .data          0x0000000000081de0       0x20 build/p_inter.o
                0x0000000000081de0                maxammo
                0x0000000000081df0                clipammo
 .data          0x0000000000081e00      0x228 build/p_maputl.o
 .data          0x0000000000082028      0x284 build/p_spec.o
                0x0000000000082028                animdefs
 *fill*         0x00000000000822ac        0x4 
 .data          0x00000000000822b0      0x334 build/p_switch.o
                0x00000000000822b0                alphSwitchList
 *fill*         0x00000000000825e4        0x4 
 .data          0x00000000000825e8       0xc0 build/r_bsp.o
                0x00000000000825e8                checkcoord
 .data          0x00000000000826a8       0xc8 build/r_draw.o
                0x00000000000826a8                fuzzoffset
 .data          0x0000000000082770     0x23c0 build/sounds.o
                0x0000000000082770                S_music
                0x0000000000082ff0                S_sfx
 .data          0x0000000000084b30      0x480 build/st_stuff.o
                0x0000000000084b30                cheat_mus
                0x0000000000084b78                cheat_god
                0x0000000000084bc0                cheat_ammo
                0x0000000000084c08                cheat_ammonokey
                0x0000000000084c50                cheat_noclip
                0x0000000000084c98                cheat_commercial_noclip
                0x0000000000084ce0                cheat_powerup
                0x0000000000084ed8                cheat_choppers
                0x0000000000084f20                cheat_clev
                0x0000000000084f68                cheat_mypos
 .data          0x0000000000084fb0      0x858 build/wi_stuff.o

.data1
 *(.data1)

.got
 *(.got.plt)
 *(.igot.plt)
 *(.got)
 *(.igot)

.sdata          0x0000000000085808      0x290
                0x0000000000085808                __SDATA_BEGIN__ = .
 *(.srodata.cst16)
 *(.srodata.cst8)
 *(.srodata.cst4)
 *(.srodata.cst2)
 *(.srodata .srodata.*)
 *(.sdata .sdata.* .gnu.linkonce.s.*)
 .sdata         0x0000000000085808        0xc build/i_video_fbdev.o
                0x0000000000085808                fb_scaling
                0x000000000008580c                mouse_acceleration
                0x0000000000085810                mouse_threshold
 .sdata         0x0000000000085814        0x4 build/i_main.o
                0x0000000000085814                vanilla_keyboard_mapping
 .sdata         0x0000000000085818       0x20 build/am_map.o
 .sdata         0x0000000000085838        0x8 build/doomstat.o
                0x0000000000085838                gamemode
                0x000000000008583c                gameversion
 .sdata         0x0000000000085840        0x4 build/d_loop.o
 .sdata         0x0000000000085844        0xc build/d_main.o
                0x0000000000085844                show_endoom
                0x0000000000085848                wipegamestate
 .sdata         0x0000000000085850       0x30 build/g_game.o
                0x0000000000085850                precache
                0x0000000000085858                forwardmove
                0x0000000000085860                sidemove
                0x0000000000085878                vanilla_savegame_limit
                0x000000000008587c                vanilla_demo_limit
 .sdata         0x0000000000085880        0xc build/i_joystick.o
 *fill*         0x000000000008588c        0x4 
 .sdata         0x0000000000085890       0x20 build/i_sound.o
                0x0000000000085890                snd_samplerate
                0x0000000000085894                snd_cachesize
                0x0000000000085898                snd_maxslicetime_ms
                0x00000000000858a0                snd_musiccmd
                0x00000000000858a8                snd_musicdevice
                0x00000000000858ac                snd_sfxdevice
 .sdata         0x00000000000858b0        0xc build/i_system.o
 .sdata         0x00000000000858bc      0x19c build/m_controls.o
                0x00000000000858bc                key_right
                0x00000000000858c0                key_left
                0x00000000000858c4                key_up
                0x00000000000858c8                key_down
                0x00000000000858cc                key_strafeleft
                0x00000000000858d0                key_straferight
                0x00000000000858d4                key_fire
                0x00000000000858d8                key_use
                0x00000000000858dc                key_strafe
                0x00000000000858e0                key_speed
                0x00000000000858e4                key_flyup
                0x00000000000858e8                key_flydown
                0x00000000000858ec                key_flycenter
                0x00000000000858f0                key_lookup
                0x00000000000858f4                key_lookdown
                0x00000000000858f8                key_lookcenter
                0x00000000000858fc                key_invleft
                0x0000000000085900                key_invright
                0x0000000000085904                key_useartifact
                0x0000000000085908                key_jump
                0x000000000008590c                key_arti_all
                0x0000000000085910                key_arti_health
                0x0000000000085914                key_arti_poisonbag
                0x0000000000085918                key_arti_blastradius
                0x000000000008591c                key_arti_teleport
                0x0000000000085920                key_arti_teleportother
                0x0000000000085924                key_arti_egg
                0x0000000000085928                key_arti_invulnerability
                0x000000000008592c                key_usehealth
                0x0000000000085930                key_invquery
                0x0000000000085934                key_mission
                0x0000000000085938                key_invpop
                0x000000000008593c                key_invkey
                0x0000000000085940                key_invhome
                0x0000000000085944                key_invend
                0x0000000000085948                key_invuse
                0x000000000008594c                key_invdrop
                0x0000000000085950                mousebstrafe
                0x0000000000085954                mousebforward
                0x0000000000085958                mousebjump
                0x000000000008595c                mousebstrafeleft
                0x0000000000085960                mousebstraferight
                0x0000000000085964                mousebbackward
                0x0000000000085968                mousebuse
                0x000000000008596c                mousebprevweapon
                0x0000000000085970                mousebnextweapon
                0x0000000000085974                key_message_refresh
                0x0000000000085978                key_pause
                0x000000000008597c                key_demo_quit
                0x0000000000085980                key_spy
                0x0000000000085984                key_multi_msg
                0x0000000000085988                key_weapon1
                0x000000000008598c                key_weapon2
                0x0000000000085990                key_weapon3
                0x0000000000085994                key_weapon4
                0x0000000000085998                key_weapon5
                0x000000000008599c                key_weapon6
                0x00000000000859a0                key_weapon7
                0x00000000000859a4                key_weapon8
                0x00000000000859a8                key_map_north
                0x00000000000859ac                key_map_south
                0x00000000000859b0                key_map_east
                0x00000000000859b4                key_map_west
                0x00000000000859b8                key_map_zoomin
                0x00000000000859bc                key_map_zoomout
                0x00000000000859c0                key_map_toggle
                0x00000000000859c4                key_map_maxzoom
                0x00000000000859c8                key_map_follow
                0x00000000000859cc                key_map_grid
                0x00000000000859d0                key_map_mark
                0x00000000000859d4                key_map_clearmark
                0x00000000000859d8                key_menu_activate
                0x00000000000859dc                key_menu_up
                0x00000000000859e0                key_menu_down
                0x00000000000859e4                key_menu_left
                0x00000000000859e8                key_menu_right
                0x00000000000859ec                key_menu_back
                0x00000000000859f0                key_menu_forward
                0x00000000000859f4                key_menu_confirm
                0x00000000000859f8                key_menu_abort
                0x00000000000859fc                key_menu_help
                0x0000000000085a00                key_menu_save
                0x0000000000085a04                key_menu_load
                0x0000000000085a08                key_menu_volume
                0x0000000000085a0c                key_menu_detail
                0x0000000000085a10                key_menu_qsave
                0x0000000000085a14                key_menu_endgame
                0x0000000000085a18                key_menu_messages
                0x0000000000085a1c                key_menu_qload
                0x0000000000085a20                key_menu_quit
                0x0000000000085a24                key_menu_gamma
                0x0000000000085a28                key_menu_incscreen
                0x0000000000085a2c                key_menu_decscreen
                0x0000000000085a30                joybstrafe
                0x0000000000085a34                joybuse
                0x0000000000085a38                joybspeed
                0x0000000000085a3c                joybstrafeleft
                0x0000000000085a40                joybstraferight
                0x0000000000085a44                joybjump
                0x0000000000085a48                joybprevweapon
                0x0000000000085a4c                joybnextweapon
                0x0000000000085a50                joybmenu
                0x0000000000085a54                dclick_use
 .sdata         0x0000000000085a58        0xc build/m_menu.o
                0x0000000000085a58                mouseSensitivity
                0x0000000000085a5c                showMessages
                0x0000000000085a60                screenblocks
 .sdata         0x0000000000085a64        0x4 build/p_enemy.o
                0x0000000000085a64                TRACEANGLE
 .sdata         0x0000000000085a68        0x4 build/p_spec.o
 .sdata         0x0000000000085a6c        0x4 build/r_main.o
                0x0000000000085a6c                validcount
 .sdata         0x0000000000085a70       0x14 build/st_stuff.o
 .sdata         0x0000000000085a84        0xc build/s_sound.o
                0x0000000000085a84                sfxVolume
                0x0000000000085a88                musicVolume
                0x0000000000085a8c                snd_channels
 .sdata         0x0000000000085a90        0x8 build/tables.o
                0x0000000000085a90                finecosine
                0x0000000000085a98                _edata = .
                [!provide]                        PROVIDE (edata = .)
                0x0000000000085a98                . = .
                0x0000000000085a98                __bss_start = .

.sbss           0x0000000000085a98      0x818
 *(.dynsbss)
 *(.sbss .sbss.* .gnu.linkonce.sb.*)
 .sbss          0x0000000000085a98       0x28 build/i_video_fbdev.o
                0x0000000000085a98                usemouse
                0x0000000000085aa0                I_VideoBuffer
                0x0000000000085aa8                fd_fb
                0x0000000000085aac                X_width
                0x0000000000085ab0                X_height
                0x0000000000085ab4                screensaver_mode
                0x0000000000085ab8                screenvisible
                0x0000000000085abc                usegamma
 .sbss          0x0000000000085ac0        0x8 build/dummy.o
                0x0000000000085ac0                net_client_connected
                0x0000000000085ac4                drone
 .sbss          0x0000000000085ac8        0x4 build/am_map.o
                0x0000000000085ac8                automapactive
 *fill*         0x0000000000085acc        0x4 
 .sbss          0x0000000000085ad0       0x14 build/doomstat.o
                0x0000000000085ad0                gamemission
                0x0000000000085ad8                gamedescription
                0x0000000000085ae0                modifiedgame
 .sbss          0x0000000000085ae4       0x14 build/d_loop.o
                0x0000000000085ae4                gametic
                0x0000000000085ae8                singletics
                0x0000000000085aec                ticdup
                0x0000000000085af0                offsetms
                0x0000000000085af4                lasttime
 .sbss          0x0000000000085af8       0x58 build/d_main.o
                0x0000000000085af8                savegamedir
                0x0000000000085b00                iwadfile
                0x0000000000085b08                devparm
                0x0000000000085b0c                nomonsters
                0x0000000000085b10                respawnparm
                0x0000000000085b14                fastparm
                0x0000000000085b18                startskill
                0x0000000000085b1c                startepisode
                0x0000000000085b20                startmap
                0x0000000000085b24                autostart
                0x0000000000085b28                startloadgame
                0x0000000000085b2c                advancedemo
                0x0000000000085b30                storedemo
                0x0000000000085b34                bfgedition
                0x0000000000085b38                main_loop_started
                0x0000000000085b3c                demosequence
                0x0000000000085b40                pagetic
                0x0000000000085b48                pagename
 .sbss          0x0000000000085b50        0x8 build/d_net.o
                0x0000000000085b50                netcmds
 .sbss          0x0000000000085b58       0x38 build/f_finale.o
                0x0000000000085b58                finalestage
                0x0000000000085b5c                finalecount
                0x0000000000085b60                finaletext
                0x0000000000085b68                finaleflat
                0x0000000000085b70                castnum
                0x0000000000085b74                casttics
                0x0000000000085b78                caststate
                0x0000000000085b80                castdeath
                0x0000000000085b84                castframes
                0x0000000000085b88                castonmelee
                0x0000000000085b8c                castattacking
 .sbss          0x0000000000085b90       0xc8 build/g_game.o
                0x0000000000085b90                oldgamestate
                0x0000000000085b94                gameaction
                0x0000000000085b98                gamestate
                0x0000000000085b9c                gameskill
                0x0000000000085ba0                respawnmonsters
                0x0000000000085ba4                gameepisode
                0x0000000000085ba8                gamemap
                0x0000000000085bac                timelimit
                0x0000000000085bb0                paused
                0x0000000000085bb4                sendpause
                0x0000000000085bb8                sendsave
                0x0000000000085bbc                usergame
                0x0000000000085bc0                timingdemo
                0x0000000000085bc4                nodrawers
                0x0000000000085bc8                starttime
                0x0000000000085bcc                viewactive
                0x0000000000085bd0                deathmatch
                0x0000000000085bd4                netgame
                0x0000000000085bd8                consoleplayer
                0x0000000000085bdc                displayplayer
                0x0000000000085be0                levelstarttic
                0x0000000000085be4                totalkills
                0x0000000000085be8                totalitems
                0x0000000000085bec                totalsecret
                0x0000000000085bf0                demoname
                0x0000000000085bf8                demorecording
                0x0000000000085bfc                longtics
                0x0000000000085c00                lowres_turn
                0x0000000000085c04                demoplayback
                0x0000000000085c08                netdemo
                0x0000000000085c10                demobuffer
                0x0000000000085c18                demo_p
                0x0000000000085c20                demoend
                0x0000000000085c28                singledemo
                0x0000000000085c2c                testcontrols
                0x0000000000085c30                testcontrols_mousespeed
                0x0000000000085c34                mousex
                0x0000000000085c38                mousey
                0x0000000000085c3c                bodyqueslot
                0x0000000000085c40                secretexit
                0x0000000000085c44                d_skill
                0x0000000000085c48                d_episode
                0x0000000000085c4c                d_map
                0x0000000000085c50                defdemoname
 .sbss          0x0000000000085c58        0xc build/hu_stuff.o
                0x0000000000085c58                chat_char
                0x0000000000085c5c                chat_on
                0x0000000000085c60                message_dontfuckwithme
 *fill*         0x0000000000085c64        0x4 
 .sbss          0x0000000000085c68       0x10 build/m_argv.o
                0x0000000000085c68                myargc
                0x0000000000085c70                myargv
 .sbss          0x0000000000085c78        0x8 build/m_config.o
                0x0000000000085c78                configdir
 .sbss          0x0000000000085c80       0x14 build/m_controls.o
                0x0000000000085c80                mousebfire
                0x0000000000085c84                key_prevweapon
                0x0000000000085c88                key_nextweapon
                0x0000000000085c8c                key_menu_screenshot
                0x0000000000085c90                joybfire
 *fill*         0x0000000000085c94        0x4 
 .sbss          0x0000000000085c98       0x7c build/m_menu.o
                0x0000000000085c98                detailLevel
                0x0000000000085c9c                screenSize
                0x0000000000085ca0                quickSaveSlot
                0x0000000000085ca4                messageToPrint
                0x0000000000085ca8                messageString
                0x0000000000085cb0                messx
                0x0000000000085cb4                messy
                0x0000000000085cb8                messageLastMenuActive
                0x0000000000085cbc                messageNeedsInput
                0x0000000000085cc0                messageRoutine
                0x0000000000085cc8                saveStringEnter
                0x0000000000085ccc                saveSlot
                0x0000000000085cd0                saveCharIndex
                0x0000000000085cd4                inhelpscreens
                0x0000000000085cd8                menuactive
                0x0000000000085cdc                itemOn
                0x0000000000085cde                skullAnimCounter
                0x0000000000085ce0                whichSkull
                0x0000000000085ce8                currentMenu
                0x0000000000085cf0                main_e
                0x0000000000085cf4                episodes_e
                0x0000000000085cf8                newgame_e
                0x0000000000085cfc                options_e
                0x0000000000085d00                read_e
                0x0000000000085d04                read_e2
                0x0000000000085d08                sound_e
                0x0000000000085d0c                load_e
                0x0000000000085d10                epi
 .sbss          0x0000000000085d14        0x8 build/m_random.o
                0x0000000000085d14                rndindex
                0x0000000000085d18                prndindex
 *fill*         0x0000000000085d1c        0x4 
 .sbss          0x0000000000085d20       0x28 build/p_enemy.o
                0x0000000000085d20                soundtarget
                0x0000000000085d28                corpsehit