
Discarded input sections

 .data          0x0000000000000000        0x0 build/i_video_fbdev.o
 .text          0x0000000000000000        0x0 build/i_input_tty.o
 .data          0x0000000000000000        0x0 build/i_input_tty.o
 .bss           0x0000000000000000        0x0 build/i_input_tty.o
 .comment       0x0000000000000000       0x1b build/i_input_tty.o
 .riscv.attributes
                0x0000000000000000       0x3e build/i_input_tty.o
 .data          0x0000000000000000        0x0 build/i_main.o
 .bss           0x0000000000000000        0x0 build/i_main.o
 .data          0x0000000000000000        0x0 build/dummy.o
 .bss           0x0000000000000000        0x0 build/dummy.o
 .text          0x0000000000000000        0x0 build/doomdef.o
 .data          0x0000000000000000        0x0 build/doomdef.o
 .bss           0x0000000000000000        0x0 build/doomdef.o
 .comment       0x0000000000000000       0x1b build/doomdef.o
 .riscv.attributes
                0x0000000000000000       0x3e build/doomdef.o
 .text          0x0000000000000000        0x0 build/doomstat.o
 .data          0x0000000000000000        0x0 build/doomstat.o
 .bss           0x0000000000000000        0x0 build/doomstat.o
 .text          0x0000000000000000        0x0 build/dstrings.o
 .bss           0x0000000000000000        0x0 build/dstrings.o
 .data          0x0000000000000000        0x0 build/d_event.o
 .text          0x0000000000000000        0x0 build/d_items.o
 .bss           0x0000000000000000        0x0 build/d_items.o
 .data          0x0000000000000000        0x0 build/d_iwad.o
 .data          0x0000000000000000        0x0 build/d_loop.o
 .bss           0x0000000000000000        0x0 build/d_mode.o
 .data          0x0000000000000000        0x0 build/hu_lib.o
 .bss           0x0000000000000000        0x0 build/hu_lib.o
 .text          0x0000000000000000        0x0 build/info.o
 .bss           0x0000000000000000        0x0 build/info.o
 .text          0x0000000000000000       0xa8 build/i_cdmus.o
 .data          0x0000000000000000        0x0 build/i_cdmus.o
 .bss           0x0000000000000000        0x0 build/i_cdmus.o
 .sbss          0x0000000000000000        0x4 build/i_cdmus.o
 .comment       0x0000000000000000       0x1b build/i_cdmus.o
 .riscv.attributes
                0x0000000000000000       0x3e build/i_cdmus.o
 .data          0x0000000000000000        0x0 build/i_endoom.o
 .bss           0x0000000000000000        0x0 build/i_endoom.o
 .text          0x0000000000000000     0x39b4 build/i_scale.o
 .data          0x0000000000000000      0x1e0 build/i_scale.o
 .bss           0x0000000000000000       0x30 build/i_scale.o
 .rodata        0x0000000000000000       0x7a build/i_scale.o
 .comment       0x0000000000000000       0x1b build/i_scale.o
 .riscv.attributes
                0x0000000000000000       0x3e build/i_scale.o
 .data          0x0000000000000000        0x0 build/i_sound.o
 .data          0x0000000000000000        0x0 build/i_system.o
 .data          0x0000000000000000        0x0 build/i_timer.o
 .text          0x0000000000000000      0x424 build/memio.o
 .data          0x0000000000000000        0x0 build/memio.o
 .bss           0x0000000000000000        0x0 build/memio.o
 .rodata        0x0000000000000000       0x2d build/memio.o
 .comment       0x0000000000000000       0x1b build/memio.o
 .riscv.attributes
                0x0000000000000000       0x3e build/memio.o
 .data          0x0000000000000000        0x0 build/m_argv.o
 .bss           0x0000000000000000        0x0 build/m_argv.o
 .data          0x0000000000000000        0x0 build/m_bbox.o
 .bss           0x0000000000000000        0x0 build/m_bbox.o
 .data          0x0000000000000000        0x0 build/m_cheat.o
 .bss           0x0000000000000000        0x0 build/m_cheat.o
 .data          0x0000000000000000        0x0 build/m_controls.o
 .data          0x0000000000000000        0x0 build/m_fixed.o
 .bss           0x0000000000000000        0x0 build/m_fixed.o
 .data          0x0000000000000000        0x0 build/m_misc.o
 .bss           0x0000000000000000        0x0 build/m_misc.o
 .data          0x0000000000000000        0x0 build/m_random.o
 .bss           0x0000000000000000        0x0 build/m_random.o
 .data          0x0000000000000000        0x0 build/p_ceilng.o
 .data          0x0000000000000000        0x0 build/p_doors.o
 .bss           0x0000000000000000        0x0 build/p_doors.o
 .data          0x0000000000000000        0x0 build/p_floor.o
 .bss           0x0000000000000000        0x0 build/p_floor.o
 .bss           0x0000000000000000        0x0 build/p_inter.o
 .data          0x0000000000000000        0x0 build/p_lights.o
 .bss           0x0000000000000000        0x0 build/p_lights.o
 .data          0x0000000000000000        0x0 build/p_map.o
 .data          0x0000000000000000        0x0 build/p_mobj.o
 .data          0x0000000000000000        0x0 build/p_plats.o
 .data          0x0000000000000000        0x0 build/p_pspr.o
[...]
Memory Configuration

Name             Origin             Length             Attributes
*default*        0x0000000000000000 0xffffffffffffffff

Linker script and memory map

LOAD build/i_video_fbdev.o
LOAD build/i_input_tty.o
LOAD build/i_main.o
LOAD build/dummy.o
LOAD build/am_map.o
LOAD build/doomdef.o
LOAD build/doomstat.o
LOAD build/dstrings.o
LOAD build/d_event.o
LOAD build/d_items.o
LOAD build/d_iwad.o
LOAD build/d_loop.o
LOAD build/d_main.o
LOAD build/d_mode.o
LOAD build/d_net.o
LOAD build/f_finale.o
LOAD build/f_wipe.o
LOAD build/g_game.o
LOAD build/hu_lib.o
LOAD build/hu_stuff.o
LOAD build/info.o
LOAD build/i_cdmus.o
LOAD build/i_endoom.o
LOAD build/i_joystick.o
LOAD build/i_scale.o
LOAD build/i_sound.o
LOAD build/i_system.o
LOAD build/i_timer.o
LOAD build/memio.o
LOAD build/m_argv.o
LOAD build/m_bbox.o
LOAD build/m_cheat.o
LOAD build/m_config.o
LOAD build/m_controls.o
LOAD build/m_fixed.o
LOAD build/m_menu.o
LOAD build/m_misc.o
LOAD build/m_random.o
LOAD build/p_ceilng.o
LOAD build/p_doors.o
LOAD build/p_enemy.o
LOAD build/p_floor.o
LOAD build/p_inter.o
LOAD build/p_lights.o
LOAD build/p_map.o
LOAD build/p_maputl.o
LOAD build/p_mobj.o
LOAD build/p_plats.o
LOAD build/p_pspr.o
LOAD build/p_saveg.o
LOAD build/p_setup.o
LOAD build/p_sight.o
LOAD build/p_spec.o
LOAD build/p_switch.o
LOAD build/p_telept.o
LOAD build/p_tick.o
LOAD build/p_user.o
LOAD build/r_bsp.o
LOAD build/r_data.o
LOAD build/r_draw.o
LOAD build/r_main.o
LOAD build/r_plane.o
LOAD build/r_segs.o
LOAD build/r_sky.o
LOAD build/r_things.o
LOAD build/sha1.o
LOAD build/sounds.o
LOAD build/statdump.o
LOAD build/st_lib.o
LOAD build/st_stuff.o
LOAD build/s_sound.o
LOAD build/tables.o
LOAD build/v_video.o
LOAD build/wi_stuff.o
LOAD build/w_checksum.o
LOAD build/w_file.o
LOAD build/w_file_stdc_unbuffered.o
LOAD build/w_main.o
LOAD build/w_wad.o
LOAD build/z_zone.o
                [!provide]                        PROVIDE (__executable_start = SEGMENT_START ("text-segment", 0x10000))
                0x00000000000100e8                . = (SEGMENT_START ("text-segment", 0x10000) + SIZEOF_HEADERS)

.interp
 *(.interp)

.note.gnu.build-id
 *(.note.gnu.build-id)

.hash
 *(.hash)

.gnu.hash
 *(.gnu.hash)

.dynsym
 *(.dynsym)

.dynstr
 *(.dynstr)

.gnu.version
 *(.gnu.version)

.gnu.version_d
 *(.gnu.version_d)

.gnu.version_r
 *(.gnu.version_r)

.rela.dyn
 *(.rela.init)
 *(.rela.text .rela.text.* .rela.gnu.linkonce.t.*)
 *(.rela.fini)
 *(.rela.rodata .rela.rodata.* .rela.gnu.linkonce.r.*)
 *(.rela.data .rela.data.* .rela.gnu.linkonce.d.*)
 *(.rela.tdata .rela.tdata.* .rela.gnu.linkonce.td.*)
 *(.rela.tbss .rela.tbss.* .rela.gnu.linkonce.tb.*)
 *(.rela.ctors)
 *(.rela.dtors)
 *(.rela.got)
 *(.rela.sdata .rela.sdata.* .rela.gnu.linkonce.s.*)
 *(.rela.sbss .rela.sbss.* .rela.gnu.linkonce.sb.*)
 *(.rela.sdata2 .rela.sdata2.* .rela.gnu.linkonce.s2.*)
 *(.rela.sbss2 .rela.sbss2.* .rela.gnu.linkonce.sb2.*)
 *(.rela.bss .rela.bss.* .rela.gnu.linkonce.b.*)
 *(.rela.ifunc)

.rela.plt       0x00000000000100e8        0x0
 *(.rela.plt)
                [!provide]                        PROVIDE (__rela_iplt_start = .)
 *(.rela.iplt)
                [!provide]                        PROVIDE (__rela_iplt_end = .)

.init
 *(SORT_NONE(.init))

.plt
 *(.plt)
 *(.iplt)

.text           0x00000000000100e8    0x3d418
 *(.text.unlikely .text.*_unlikely .text.unlikely.*)
 *(.text.exit .text.exit.*)
 *(.text.startup .text.startup.*)
 *(.text.hot .text.hot.*)
 *(SORT_BY_NAME(.text.sorted.*))
 *(.text .stub .text.* .gnu.linkonce.t.*)
 .text          0x00000000000100e8      0x3f6 build/i_video_fbdev.o
                0x00000000000100e8                cmap_to_rgb565
                0x0000000000010104                cmap_to_fb
                0x0000000000010120                I_InitGraphics
                0x000000000001012e                I_ShutdownGraphics
                0x000000000001013c                I_StartFrame
                0x000000000001014a                I_GetEvent
                0x0000000000010158                I_StartTic
                0x000000000001016e                I_UpdateNoBlit
                0x000000000001017c                I_FinishUpdate
                0x000000000001018a                I_ReadScreen
                0x00000000000101b4                I_SetPalette
                0x00000000000102c8                I_GetPaletteIndex
                0x0000000000010452                I_BeginRead
                0x0000000000010460                I_EndRead
                0x000000000001046e                I_SetWindowTitle
                0x0000000000010480                I_GraphicsCheckCommandLine
                0x000000000001048e                I_SetGrabMouseCallback
                0x00000000000104a0                I_EnableLoadingDisk
                0x00000000000104ae                I_BindVideoVariables
                0x00000000000104bc                I_DisplayFPSDots
                0x00000000000104d0                I_CheckIsScreensaver
 .text          0x00000000000104de      0x344 build/i_main.o
                0x00000000000104de                printf
                0x0000000000010504                snprintf
                0x000000000001052e                fprintf
                0x0000000000010556                sscanf
                0x000000000001057e                memcpy
                0x000000000001059a                memset
                0x00000000000105b8                abs
                0x00000000000105d0                free
                0x00000000000105e2                calloc
                0x00000000000105fa                strncmp
                0x0000000000010616                strncpy
                0x0000000000010632                strcasecmp
                0x000000000001064a                strlen
                0x000000000001065e                malloc
                0x0000000000010672                fread
                0x0000000000010692                fwrite
                0x00000000000106b2                ftell
                0x00000000000106c6                toupper
                0x00000000000106dc                strncasecmp
                0x00000000000106f8                strdup
                0x000000000001070c                strcmp
                0x0000000000010724                strstr
                0x000000000001073c                strrchr
                0x0000000000010756                atoi
                0x000000000001076a                fopen
                0x0000000000010782                fclose
                0x0000000000010796                realloc
                0x00000000000107ae                log
                0x00000000000107c6                memmove
                0x00000000000107e2                isspace
                0x00000000000107f8                _start
 .text          0x0000000000010822        0xe build/dummy.o
                0x0000000000010822                I_InitTimidityConfig
 .text          0x0000000000010830     0x28e8 build/am_map.o
                0x0000000000010830                AM_getIslope
                0x00000000000108fa                AM_activateNewScale
                0x0000000000010a58                AM_saveScaleAndLoc
                0x0000000000010aa6                AM_restoreScaleAndLoc
                0x0000000000010be0                AM_addMark
                0x0000000000010c7e                AM_findMinMaxBoundaries
                0x0000000000010e9e                AM_changeWindowLoc
                0x00000000000110d4                AM_initVariables
                0x00000000000112ec                AM_loadPics
                0x0000000000011358                AM_unloadPics
                0x00000000000113ae                AM_clearMarks
                0x00000000000113f6                AM_LevelInit
                0x0000000000011494                AM_Stop
                0x00000000000114c0                AM_Start
                0x0000000000011514                AM_minOutWindowScale
                0x000000000001154e                AM_maxOutWindowScale
                0x0000000000011588                AM_Responder
                0x00000000000119f0                AM_changeWindowScale
                0x0000000000011a66                AM_doFollowPlayer
                0x0000000000011bcc                AM_updateLightLev
                0x0000000000011c64                AM_Ticker
                0x0000000000011ccc                AM_clearFB
                0x0000000000011d12                AM_clipMline
                0x00000000000122c0                AM_drawFline
                0x00000000000124e4                AM_drawMline
                0x0000000000012528                AM_drawGrid
                0x000000000001271e                AM_drawWalls
                0x0000000000012a10                AM_rotate
                0x0000000000012b06                AM_drawLineCharacter
                0x0000000000012cb6                AM_drawPlayers
                0x0000000000012e2a                AM_drawThings
                0x0000000000012ec8                AM_drawMarks
                0x000000000001303e                AM_drawCrosshair
                0x0000000000013090                AM_Drawer
 .text          0x0000000000013118       0xea build/d_event.o
                0x0000000000013118                D_PostEvent
                0x000000000001318e                D_PopEvent
 .text          0x0000000000013202      0x7d6 build/d_iwad.o
                0x0000000000013534                D_FindWADByName
                0x0000000000013628                D_TryFindWADByName
                0x000000000001365a                D_FindIWAD
                0x000000000001373e                D_FindAllIWADs
                0x000000000001381c                D_SaveGameIWADName
                0x000000000001388e                D_SuggestIWADName
                0x000000000001392c                D_SuggestGameName
 .text          0x00000000000139d8      0x9d2 build/d_loop.o
                0x0000000000013bb4                NetUpdate
                0x0000000000013ca8                D_ReceiveTic
                0x0000000000013dc8                D_StartGameLoop
                0x0000000000013df2                D_StartNetGame
                0x0000000000013e56                D_InitNetGame
                0x0000000000013e8e                D_QuitNetGame
                0x000000000001410c                TryRunTics
                0x000000000001438c                D_RegisterLoopCallbacks
 .text          0x00000000000143aa     0x1a8e build/d_main.o
                0x00000000000143aa                D_ProcessEvents
                0x00000000000143ee                D_Display
                0x0000000000014758                D_BindVariables
                0x00000000000148c0                D_GrabMouseCallback
                0x0000000000014902                D_DoomLoop
                0x00000000000149b4                D_PageTicker
                0x00000000000149e0                D_PageDrawer
                0x0000000000014a0a                D_AdvanceDemo
                0x0000000000014a1e                D_DoAdvanceDemo
                0x0000000000014bfe                D_StartTitle
                0x0000000000014e2e                D_IdentifyVersion
                0x0000000000014f74                D_SetGameDescription
                0x0000000000015186                PrintDehackedBanners
                0x000000000001544a                PrintGameVersion
                0x0000000000015522                D_DoomMain
 .text          0x0000000000015e38      0x3c4 build/d_mode.o
                0x0000000000015e38                D_ValidGameMode
                0x0000000000015eae                D_ValidEpisodeMap
                0x0000000000016004                D_GetNumEpisodes
                0x000000000001605a                D_ValidGameVersion
                0x000000000001611a                D_IsEpisodeMap
                0x0000000000016162                D_GameMissionString
 .text          0x00000000000161fc      0x518 build/d_net.o
                0x00000000000165d6                D_ConnectNetGame
                0x000000000001661e                D_CheckNetGame
 .text          0x0000000000016714     0x126e build/f_finale.o
                0x0000000000016714                F_StartFinale
                0x0000000000016850                F_Responder
                0x0000000000016882                F_Ticker
                0x000000000001698a                F_TextWrite
                0x0000000000016b7c                F_StartCast
                0x0000000000016c02                F_CastTicker
                0x0000000000017256                F_CastResponder
                0x000000000001733a                F_CastPrint
                0x00000000000174e2                F_CastDrawer
                0x00000000000175b8                F_DrawPatchCol
                0x00000000000176ba                F_BunnyScroll
                0x000000000001793e                F_Drawer
 .text          0x0000000000017982      0x9ca build/f_wipe.o
                0x0000000000017982                wipe_shittyColMajorXform
                0x0000000000017a82                wipe_initColorXForm
                0x0000000000017ad6                wipe_doColorXForm
                0x0000000000017c40                wipe_exitColorXForm
                0x0000000000017c66                wipe_initMelt
                0x0000000000017e16                wipe_doMelt
                0x00000000000180fc                wipe_exitMelt
                0x0000000000018150                wipe_StartScreen
                0x00000000000181a4                wipe_EndScreen
                0x0000000000018216                wipe_ScreenWipe
 .text          0x000000000001834c     0x39b6 build/g_game.o
                0x000000000001834c                G_CmdChecksum
                0x0000000000018596                G_BuildTiccmd
                0x000000000001903c                G_DoLoadLevel
                0x00000000000193c6                G_Responder
                0x000000000001969e                G_Ticker
                0x0000000000019b90                G_InitPlayer
                0x0000000000019bb2                G_PlayerFinishLevel
                0x0000000000019c46                G_PlayerReborn
                0x0000000000019e38                G_CheckSpot
                0x000000000001a2a6                G_DeathMatchSpawnPlayer
                0x000000000001a3f2                G_DoReborn
                0x000000000001a5c6                G_ScreenShot
                0x000000000001a5da                G_ExitLevel
                0x000000000001a5f2                G_SecretExitLevel
                0x000000000001a634                G_DoCompleted
                0x000000000001ab44                G_WorldDone
                0x000000000001abda                G_DoWorldDone
                0x000000000001ac12                G_LoadGame
                0x000000000001ac42                G_DoLoadGame
                0x000000000001acfa                G_SaveGame
                0x000000000001ad3c                G_DoSaveGame
                0x000000000001ae7c                G_DeferedInitNew
                0x000000000001aebe                G_DoNewGame
                0x000000000001af3e                G_InitNew
                0x000000000001b2c6                G_ReadDemoTiccmd
                0x000000000001b46a                G_WriteDemoTiccmd
                0x000000000001b592                G_RecordDemo
                0x000000000001b65a                G_VanillaVersionCode
                0x000000000001b6be                G_BeginRecording
                0x000000000001b850                G_DeferedPlayDemo
                0x000000000001b954                G_DoPlayDemo
                0x000000000001bb68                G_TimeDemo
                0x000000000001bbae                G_CheckDemoStatus
 .text          0x000000000001bd02      0x9d4 build/hu_lib.o
                0x000000000001bd02                HUlib_init
                0x000000000001bd10                HUlib_clearTextLine
                0x000000000001bd3a                HUlib_initTextLine
                0x000000000001bd96                HUlib_addCharToTextLine
                0x000000000001bdfe                HUlib_delCharFromTextLine
                0x000000000001be48                HUlib_drawTextLine
                0x000000000001c012                HUlib_eraseTextLine
                0x000000000001c140                HUlib_initSText
                0x000000000001c224                HUlib_addLineToSText
                0x000000000001c2c2                HUlib_addMessageToSText
                0x000000000001c368                HUlib_drawSText
                0x000000000001c3fc                HUlib_eraseSText
                0x000000000001c48a                HUlib_initIText
                0x000000000001c4f0                HUlib_delCharFromIText
                0x000000000001c520                HUlib_eraseLineFromIText
                0x000000000001c554                HUlib_resetIText
                0x000000000001c57c                HUlib_addPrefixToIText
                0x000000000001c5ca                HUlib_keyInIText
                0x000000000001c656                HUlib_drawIText
                0x000000000001c68a                HUlib_eraseIText
 .text          0x000000000001c6d6      0xb14 build/hu_stuff.o
                0x000000000001c6d6                HU_Init
                0x000000000001c754                HU_Stop
                0x000000000001c76a                HU_Start
                0x000000000001ca04                HU_Drawer
                0x000000000001ca42                HU_Erase
                0x000000000001ca78                HU_Ticker
                0x000000000001cd30                HU_queueChatChar
                0x000000000001cdae                HU_dequeueChatChar
                0x000000000001ce10                HU_Responder
 .text          0x000000000001d1ea       0x12 build/i_endoom.o
                0x000000000001d1ea                I_Endoom
 .text          0x000000000001d1fc      0x12a build/i_joystick.o
                0x000000000001d1fc                I_ShutdownJoystick
                0x000000000001d20a                I_InitJoystick
                0x000000000001d218                I_UpdateJoystick
                0x000000000001d226                I_BindJoystickVariables
 .text          0x000000000001d326      0x6e8 build/i_sound.o
                0x000000000001d4f6                I_InitSound
                0x000000000001d5ac                I_ShutdownSound
                0x000000000001d5ea                I_GetSfxLumpNum
                0x000000000001d620                I_UpdateSound
                0x000000000001d6dc                I_UpdateSoundParams
                0x000000000001d73a                I_StartSound
                0x000000000001d7a2                I_StopSound
                0x000000000001d7d6                I_SoundIsPlaying
                0x000000000001d812                I_PrecacheSounds
                0x000000000001d85a                I_InitMusic
                0x000000000001d868                I_ShutdownMusic
                0x000000000001d876                I_SetMusicVolume
                0x000000000001d8aa                I_PauseSong
                0x000000000001d8d2                I_ResumeSong
                0x000000000001d8fa                I_RegisterSong
                0x000000000001d93c                I_UnRegisterSong
                0x000000000001d96c                I_PlaySong
                0x000000000001d9a8                I_StopSong
                0x000000000001d9d0                I_MusicIsPlaying
                0x000000000001da00                I_BindSoundVariables
 .text          0x000000000001da0e      0x516 build/i_system.o
                0x000000000001da0e                I_AtExit
                0x000000000001da64                I_Tactile
                0x000000000001db14                I_ZoneBase
                0x000000000001dbae                I_PrintBanner
                0x000000000001dbc0                I_PrintDivider
                0x000000000001dbce                I_PrintStartupBanner
                0x000000000001dc04                I_ConsoleStdout
                0x000000000001dc14                I_Quit
                0x000000000001dc4e                I_Error
                0x000000000001dc72                I_GetMemoryValue
 .text          0x000000000001df24       0xf2 build/i_timer.o
                0x000000000001df24                I_GetTicks
                0x000000000001df34                I_GetTime
                0x000000000001df94                I_GetTimeMS
                0x000000000001dfe0                I_Sleep
                0x000000000001dff4                I_WaitVBL
                0x000000000001e008                I_InitTimer
 .text          0x000000000001e016      0x160 build/m_argv.o
                0x000000000001e016                M_CheckParmWithArgs
                0x000000000001e080                M_ParmExists
                0x000000000001e0aa                M_CheckParm
                0x000000000001e0e0                M_FindResponseFile
                0x000000000001e13a                M_GetExecutableName
 .text          0x000000000001e176       0xd8 build/m_bbox.o
                0x000000000001e176                M_ClearBox
                0x000000000001e1b6                M_AddToBox
 .text          0x000000000001e24e      0x142 build/m_cheat.o
                0x000000000001e24e                cht_CheckCheat
                0x000000000001e35c                cht_GetParam
 .text          0x000000000001e390      0x6c2 build/m_config.o
                0x000000000001e566                M_SetConfigFilenames
                0x000000000001e594                M_SaveDefaults
                0x000000000001e5be                M_SaveDefaultsAlternate
                0x000000000001e630                M_LoadDefaults
                0x000000000001e7b4                M_BindVariable
                0x000000000001e7ec                M_SetVariable
                0x000000000001e832                M_GetIntVariable
                0x000000000001e884                M_GetStrVariable
                0x000000000001e8ce                M_GetFloatVariable
                0x000000000001e97c                M_SetConfigDir
                0x000000000001e9de                M_GetSaveGameDir
 .text          0x000000000001ea52      0x866 build/m_controls.o
                0x000000000001ea52                M_BindBaseControls
                0x000000000001ec14                M_BindHereticControls
                0x000000000001ecb6                M_BindHexenControls
                0x000000000001ed78                M_BindStrifeControls
                0x000000000001eeba                M_BindWeaponControls
                0x000000000001efac                M_BindMapControls
                0x000000000001f07e                M_BindMenuControls
                0x000000000001f220                M_BindChatControls
                0x000000000001f2aa                M_ApplyPlatformDefaults
 .text          0x000000000001f2b8       0xb2 build/m_fixed.o
                0x000000000001f2b8                FixedMul
                0x000000000001f2e4                FixedDiv
 .text          0x000000000001f36a     0x286c build/m_menu.o
                0x000000000001f36a                M_ReadSaveStrings
                0x000000000001f454                M_DrawLoad
                0x000000000001f51e                M_DrawSaveLoadBorder
                0x000000000001f5ec                M_LoadSelect
                0x000000000001f62e                M_LoadGame
                0x000000000001f66c                M_DrawSave
                0x000000000001f7a0                M_DoSave
                0x000000000001f7f2                M_SaveSelect
                0x000000000001f8a4                M_SaveGame
                0x000000000001f8ec                M_QuickSaveResponse
                0x000000000001f924                M_QuickSave
                0x000000000001f932                M_QuickLoadResponse
                0x000000000001f96a                M_QuickLoad
                0x000000000001f9f2                M_DrawReadThis1
                0x000000000001fb18                M_DrawReadThis2
                0x000000000001fb4a                M_DrawSound
                0x000000000001fbd8                M_Sound
                0x000000000001fbfc                M_SfxVol
                0x000000000001fc74                M_MusicVol
                0x000000000001fcec                M_DrawMainMenu
                0x000000000001fd1a                M_DrawNewGame
                0x000000000001fd66                M_NewGame
                0x000000000001fdcc                M_DrawEpisode
                0x000000000001fdfc                M_VerifyNightmare
                0x000000000001fe3a                M_ChooseSkill
                0x000000000001fe92                M_Episode
                0x000000000001ff06                M_DrawOptions
                0x0000000000020036                M_Options
                0x000000000002005a                M_ChangeMessages
                0x00000000000200d2                M_EndGameResponse
                0x000000000002010e                M_EndGame
                0x0000000000020168                M_ReadThis
                0x0000000000020190                M_ReadThis2
                0x00000000000201da                M_FinishReadThis
                0x0000000000020202                M_QuitResponse
                0x00000000000202fa                M_QuitDOOM
                0x0000000000020348                M_ChangeSensitivity
                0x00000000000203ac                M_ChangeDetail
                0x0000000000020432                M_SizeDisplay
                0x00000000000204c8                M_DrawThermo
                0x00000000000205d4                M_DrawEmptyCell
                0x000000000002063e                M_DrawSelCell
                0x00000000000206a8                M_StartMessage
                0x00000000000206f4                M_StopMessage
                0x0000000000020712                M_StringWidth
                0x00000000000207ce                M_StringHeight
                0x0000000000020860                M_WriteText
                0x00000000000209f2                M_Responder
                0x00000000000216ca                M_StartControlPanel
                0x00000000000216fe                M_Drawer
                0x0000000000021a22                M_ClearMenus
                0x0000000000021a34                M_SetupNextMenu
                0x0000000000021a5a                M_Ticker
                0x0000000000021aa4                M_Init
 .text          0x0000000000021bd6      0x93e build/m_misc.o
                0x0000000000021bd6                M_MakeDirectory
                0x0000000000021be8                M_FileExists
                0x0000000000021c28                M_FileLength
                0x0000000000021c3c                M_WriteFile
                0x0000000000021cb6                M_ReadFile
                0x0000000000021d6e                M_TempFile
                0x0000000000021da8                M_StrToInt
                0x0000000000021e42                M_ExtractFileBase
                0x0000000000021f32                M_ForceUppercase
                0x0000000000021f86                M_StrCaseStr
                0x0000000000022032                M_StringDuplicate
                0x0000000000022078                M_StringReplace
                0x00000000000221e8                M_StringCopy
                0x000000000002225e                M_StringConcat
                0x00000000000222c6                M_StringStartsWith
                0x0000000000022324                M_StringEndsWith
                0x000000000002233c                M_StringJoin
                0x0000000000022434                M_vsnprintf
                0x00000000000224b4                M_snprintf
 .text          0x0000000000022514       0x86 build/m_random.o
                0x0000000000022514                P_Random
                0x000000000002254a                M_Random
                0x0000000000022580                M_ClearRandom
 .text          0x000000000002259a      0x640 build/p_ceilng.o
                0x000000000002259a                T_MoveCeiling
                0x000000000002278a                EV_DoCeiling
                0x000000000002294e                P_AddActiveCeiling
                0x00000000000229a8                P_RemoveActiveCeiling
                0x0000000000022a3e                P_ActivateInStasisCeiling
                0x0000000000022afe                EV_CeilingCrushStop
 .text          0x0000000000022bda      0xb36 build/p_doors.o
                0x0000000000022bda                T_VerticalDoor
                0x0000000000022ea4                EV_DoLockedDoor
                0x0000000000022fd8                EV_DoDoor
                0x000000000002323e                EV_VerticalDoor
                0x00000000000235da                P_SpawnDoorCloseIn30
                0x0000000000023658                P_SpawnDoorRaiseIn5Mins
 .text          0x0000000000023710     0x32ce build/p_enemy.o
                0x0000000000023710                P_RecursiveSound
                0x000000000002386a                P_NoiseAlert
                0x00000000000238aa                P_CheckMeleeRange
                0x0000000000023948                P_CheckMissileRange
                0x0000000000023b00                P_Move
                0x0000000000023cd6                P_TryWalk
                0x0000000000023d14                P_NewChaseDir
                0x0000000000024048                P_LookForPlayers
                0x00000000000241de                A_KeenDie
                0x0000000000024286                A_Look
                0x00000000000243e6                A_Chase
                0x00000000000246c4                A_FaceTarget
                0x0000000000024776                A_PosAttack
                0x000000000002482e                A_SPosAttack
                0x0000000000024904                A_CPosAttack
                0x00000000000249bc                A_CPosRefire
                0x0000000000024a2c                A_SpidRefire
                0x0000000000024a9a                A_BspiAttack
                0x0000000000024ad6                A_TroopAttack
                0x0000000000024b72                A_SargAttack
                0x0000000000024bde                A_HeadAttack
                0x0000000000024c6a                A_CyberAttack
                0x0000000000024ca6                A_BruisAttack
                0x0000000000024d3e                A_SkelMissile
                0x0000000000024de4                A_Tracer
                0x00000000000250a6                A_SkelWhoosh
                0x00000000000250da                A_SkelFist
                0x000000000002515c                PIT_VileCheck
                0x000000000002527a                A_VileChase
                0x0000000000025494                A_VileStart
                0x00000000000254b6                A_StartFire
                0x00000000000254e0                A_FireCrackle
                0x000000000002550a                A_Fire
                0x00000000000255e2                A_VileTarget
                0x0000000000025658                A_VileAttack
                0x0000000000025776                A_FatRaise
                0x00000000000257a0                A_FatAttack1
                0x000000000002587e                A_FatAttack2
                0x000000000002595c                A_FatAttack3
                0x0000000000025aa2                A_SkullAttack
                0x0000000000025be4                A_PainShootSkull
                0x0000000000025d7e                A_PainAttack
                0x0000000000025db6                A_PainDie
                0x0000000000025e1c                A_Scream
                0x0000000000025ef0                A_XScream
                0x0000000000025f10                A_Pain
                0x0000000000025f42                A_Fall
                0x0000000000025f6a                A_Explode
                0x00000000000260dc                A_BossDeath
                0x00000000000262f6                A_Hoof
                0x0000000000026320                A_Metal
                0x000000000002634a                A_BabyMetal
                0x0000000000026374                A_OpenShotgun2
                0x000000000002639c                A_LoadShotgun2
                0x00000000000263c4                A_CloseShotgun2
                0x00000000000263f8                A_BrainAwake
                0x00000000000264aa                A_BrainPain
                0x00000000000264ca                A_BrainScream
                0x00000000000265c0                A_BrainExplode
                0x0000000000026696                A_BrainDie
                0x00000000000266b0                A_BrainSpit
                0x0000000000026786                A_SpawnSound
                0x00000000000267b0                A_SpawnFly
                0x000000000002698c                A_PlayerScream
 .text          0x00000000000269de      0xcec build/p_floor.o
                0x00000000000269de                T_MovePlane
                0x0000000000026da2                T_MoveFloor
                0x0000000000026ec8                EV_DoFloor
                0x000000000002744a                EV_BuildStairs
 .text          0x00000000000276ca     0x1750 build/p_inter.o
                0x00000000000276ca                P_GiveAmmo
                0x0000000000027950                P_GiveWeapon
                0x0000000000027b34                P_GiveBody
                0x0000000000027ba2                P_GiveArmor
                0x0000000000027bf6                P_GiveCard
                0x0000000000027c3e                P_GivePower
                0x0000000000027d68                P_TouchSpecialThing
                0x0000000000028648                P_KillMobj
                0x0000000000028960                P_DamageMobj
 .text          0x0000000000028e1a      0x7e0 build/p_lights.o
                0x0000000000028e1a                T_FireFlicker
                0x0000000000028ed2                P_SpawnFireFlicker
                0x0000000000028f5a                T_LightFlash
                0x0000000000029010                P_SpawnLightFlash
                0x00000000000290bc                T_StrobeFlash
                0x000000000002914a                P_SpawnStrobeFlash
                0x0000000000029226                EV_StartLightStrobing
                0x000000000002928e                EV_TurnTagLightsOff
                0x000000000002937a                EV_LightTurnOn
                0x0000000000029468                T_Glow
                0x0000000000029576                P_SpawnGlowingLight
 .text          0x00000000000295fa     0x219a build/p_map.o
                0x00000000000295fa                PIT_StompThing
                0x00000000000296c2                P_TeleportMove
                0x0000000000029900                PIT_CheckLine
                0x0000000000029a6c                PIT_CheckThing
                0x0000000000029d54                P_CheckPosition
                0x000000000002a048                P_TryMove
                0x000000000002a25a                P_ThingHeightClip
                0x000000000002a328                P_HitSlideLine
                0x000000000002a49a                PTR_SlideTraverse
                0x000000000002a592                P_SlideMove
                0x000000000002a8bc                PTR_AimTraverse
                0x000000000002aaf4                PTR_ShootTraverse
                0x000000000002af20                P_AimLineAttack
                0x000000000002b02e                P_LineAttack
                0x000000000002b12c                PTR_UseTraverse
                0x000000000002b1c2                P_UseLines
                0x000000000002b26a                PIT_RadiusAttack
                0x000000000002b37c                P_RadiusAttack
                0x000000000002b4b8                PIT_ChangeSector
                0x000000000002b5f6                P_ChangeSector
 .text          0x000000000002b794     0x1602 build/p_maputl.o
                0x000000000002b794                P_AproxDistance
                0x000000000002b828                P_PointOnLineSide
                0x000000000002b946                P_BoxOnLineSide
                0x000000000002baf8                P_PointOnDivlineSide
                0x000000000002bc58                P_MakeDivline
                0x000000000002bca2                P_InterceptVector
                0x000000000002bd88                P_LineOpening
                0x000000000002be36                P_UnsetThingPosition
                0x000000000002bf56                P_SetThingPosition
                0x000000000002c0b0                P_BlockLinesIterator
                0x000000000002c1ac                P_BlockThingsIterator
                0x000000000002c250                PIT_AddLineIntercepts
                0x000000000002c424                PIT_AddThingIntercepts
                0x000000000002c5fc                P_TraverseIntercepts
                0x000000000002c8d4                P_PathTraverse
 .text          0x000000000002cd96     0x1f68 build/p_mobj.o
                0x000000000002cd96                P_SetMobjState
                0x000000000002ce42                P_ExplodeMissile
                0x000000000002cf12                P_XYMovement
                0x000000000002d300                P_ZMovement
                0x000000000002d678                P_NightmareRespawn
                0x000000000002d840                P_MobjThinker
                0x000000000002d976                P_SpawnMobj
                0x000000000002db60                P_RemoveMobj
                0x000000000002dc64                P_RespawnSpecials
                0x000000000002decc                P_SpawnPlayer
                0x000000000002e182                P_SpawnMapThing
                0x000000000002e6a8                P_SpawnPuff
                0x000000000002e76e                P_SpawnBlood
                0x000000000002e864                P_CheckMissileSpawn
                0x000000000002e932                P_SubstNullMobj
                0x000000000002e98a                P_SpawnMissile
                0x000000000002eb4e                P_SpawnPlayerMissile
 .text          0x000000000002ecfe      0x814 build/p_plats.o
                0x000000000002ecfe                T_PlatRaise
                0x000000000002ef10                EV_DoPlat
                0x000000000002f26e                P_ActivateInStasis
                0x000000000002f334                EV_StopPlat
                0x000000000002f40a                P_AddActivePlat
                0x000000000002f474                P_RemoveActivePlat
 .text          0x000000000002f512     0x1508 build/p_pspr.o
                0x000000000002f512                P_SetPsprite
                0x000000000002f5fa                P_CalcSwing
                0x000000000002f6a8                P_BringUpWeapon
                0x000000000002f744                P_CheckAmmo
                0x000000000002f936                P_FireWeapon
                0x000000000002f9b2                P_DropWeapon
                0x000000000002f9f4                A_WeaponReady
                0x000000000002fb9a                A_ReFire
                0x000000000002fc0e                A_CheckReload
                0x000000000002fc30                A_Lower
                0x000000000002fcb8                A_Raise
                0x000000000002fd36                A_GunFlash
                0x000000000002fd8c                A_Punch
                0x000000000002fe92                A_Saw
                0x0000000000030106                A_FireMissile
                0x000000000003015c                A_FireBFG
                0x00000000000301b4                A_FirePlasma
                0x0000000000030248                P_BulletSlope
                0x00000000000302e2                P_GunShot
                0x0000000000030376                A_FirePistol
                0x0000000000030432                A_FireShotgun
                0x00000000000304fc                A_FireShotgun2
                0x0000000000030654                A_FireCGun
                0x0000000000030774                A_Light0
                0x0000000000030792                A_Light1
                0x00000000000307b2                A_Light2
                0x00000000000307d2                A_BFGSpray
                0x00000000000308d8                A_BFGsound
                0x0000000000030900                P_SetupPsprites
                0x0000000000030960                P_MovePsprites
 .text          0x0000000000030a1a     0x2838 build/p_saveg.o
                0x0000000000030a1a                P_TempSaveGameFile
                0x0000000000030a5c                P_SaveGameFile
                0x00000000000324fc                P_WriteSaveGameHeader
                0x000000000003265a                P_ReadSaveGameHeader
                0x00000000000327b6                P_ReadSaveGameEOF
                0x00000000000327ea                P_WriteSaveGameEOF
                0x0000000000032802                P_ArchivePlayers
                0x000000000003286c                P_UnArchivePlayers
                0x0000000000032924                P_ArchiveWorld
                0x0000000000032b00                P_UnArchiveWorld
                0x0000000000032cea                P_ArchiveThinkers
                0x0000000000032d52                P_UnArchiveThinkers
                0x0000000000032e82                P_ArchiveSpecials
                0x0000000000033036                P_UnArchiveSpecials
 .text          0x0000000000033252     0x19ee build/p_setup.o
                0x0000000000033252                P_LoadVertexes
                0x000000000003334e                GetSectorAtNullAddress
                0x00000000000333ae                P_LoadSegs
                0x0000000000033658                P_LoadSubsectors
                0x000000000003375c                P_LoadSectors
                0x0000000000033924                P_LoadNodes
                0x0000000000033b3c                P_LoadThings
                0x0000000000033cd4                P_LoadLineDefs
                0x000000000003403e                P_LoadSideDefs
                0x00000000000341ea                P_LoadBlockMap
                0x0000000000034324                P_GroupLines
                0x0000000000034934                P_SetupLevel
                0x0000000000034c1a                P_Init
 .text          0x0000000000034c40      0x832 build/p_sight.o
                0x0000000000034c40                P_DivlineSide
                0x0000000000034d92                P_InterceptVector2
                0x0000000000034e78                P_CrossSubsector
                0x00000000000351b0                P_CrossBSPNode
                0x00000000000352c6                P_CheckSight
 .text          0x0000000000035472     0x17a6 build/p_spec.o
                0x0000000000035472                P_InitPicAnims
                0x0000000000035610                getSide
                0x000000000003566a                getSector
                0x00000000000356c6                twoSided
                0x0000000000035708                getNextSector
                0x0000000000035752                P_FindLowestFloorSurrounding
                0x00000000000357de                P_FindHighestFloorSurrounding
                0x0000000000035868                P_FindNextHighestFloor
                0x00000000000359a6                P_FindLowestCeilingSurrounding
                0x0000000000035a34                P_FindHighestCeilingSurrounding
                0x0000000000035aba                P_FindSectorFromLineTag
                0x0000000000035b1a                P_FindMinSurroundingLight
                0x0000000000035bb0                P_CrossSpecialLine
                0x000000000003619e                P_ShootSpecialLine
                0x000000000003625a                P_PlayerInSpecialSector
                0x00000000000363d2                P_UpdateSpecials
                0x00000000000367b2                EV_DoDonut
                0x0000000000036998                P_SpawnSpecials
 .text          0x0000000000036c18      0xcae build/p_switch.o
                0x0000000000036c18                P_InitSwitchList
                0x0000000000036d76                P_StartButton
                0x0000000000036ea2                P_ChangeSwitchTexture
                0x000000000003714a                P_UseSpecialLine
 .text          0x00000000000378c6      0x28c build/p_telept.o
                0x00000000000378c6                EV_Teleport
 .text          0x0000000000037b52      0x1ea build/p_tick.o
                0x0000000000037b52                P_InitThinkers
                0x0000000000037b86                P_AddThinker
                0x0000000000037bd4                P_RemoveThinker
                0x0000000000037bee                P_AllocateThinker
                0x0000000000037c00                P_RunThinkers
                0x0000000000037c84                P_Ticker
 .text          0x0000000000037d3c      0x956 build/p_user.o
                0x0000000000037d3c                P_Thrust
                0x0000000000037dd4                P_CalcHeight
                0x000000000003801a                P_MovePlayer
                0x0000000000038128                P_DeathThink
                0x00000000000382e6                P_PlayerThink
 .text          0x0000000000038692      0xb22 build/r_bsp.o
                0x0000000000038692                R_ClearDrawSegs
                0x00000000000386ac                R_ClipSolidWallSegment
                0x000000000003888c                R_ClipPassWallSegment
                0x00000000000389a6                R_ClearClipSegs
                0x00000000000389fc                R_AddLine
                0x0000000000038c94                R_CheckBBox
                0x0000000000038f92                R_Subsector
                0x00000000000390da                R_RenderBSPNode
 .text          0x00000000000391b4     0x1686 build/r_data.o
                0x00000000000391b4                R_DrawColumnInCache
                0x000000000003929e                R_GenerateComposite
                0x000000000003949a                R_GenerateLookup
                0x000000000003979e                R_GetColumn
                0x000000000003994e                R_InitTextures
                0x000000000003a05a                R_InitFlats
                0x000000000003a108                R_InitSpriteLumps
                0x000000000003a2a2                R_InitColormaps
                0x000000000003a2d8                R_InitData
                0x000000000003a31e                R_FlatNumForName
                0x000000000003a384                R_CheckTextureNumForName
                0x000000000003a410                R_TextureNumForName
                0x000000000003a456                R_PrecacheLevel
 .text          0x000000000003a83a     0x12f0 build/r_draw.o
                0x000000000003a83a                R_DrawColumn
                0x000000000003a954                R_DrawColumnLow
                0x000000000003aac4                R_DrawFuzzColumn
                0x000000000003ac38                R_DrawFuzzColumnLow
                0x000000000003ae28                R_DrawTranslatedColumn
                0x000000000003af48                R_DrawTranslatedColumnLow
                0x000000000003b0dc                R_InitTranslationTables
                0x000000000003b1fa                R_DrawSpan
                0x000000000003b376                R_DrawSpanLow
                0x000000000003b53a                R_InitBuffer
                0x000000000003b636                R_FillBackScreen
                0x000000000003b992                R_VideoErase
                0x000000000003b9e4                R_DrawViewBorder
 .text          0x000000000003bb2a     0x1250 build/r_main.o
                0x000000000003bb2a                R_AddPointToBox
                0x000000000003bbbe                R_PointOnSide
                0x000000000003bd12                R_PointOnSegSide
                0x000000000003be9c                R_PointToAngle
                0x000000000003c0ec                R_PointToAngle2
                0x000000000003c13c                R_PointToDist
                0x000000000003c230                R_InitPointToAngle
                0x000000000003c23e                R_ScaleFromGlobalAngle
                0x000000000003c374                R_InitTables
                0x000000000003c382                R_InitTextureMapping
                0x000000000003c5de                R_InitLightTables
                0x000000000003c6d6                R_SetViewSize
                0x000000000003c708                R_ExecuteSetViewSize
                0x000000000003cad0                R_Init
                0x000000000003cb5a                R_PointInSubsector
                0x000000000003cbfc                R_SetupFrame
                0x000000000003cd26                R_RenderPlayerView
 .text          0x000000000003cd7a      0xaea build/r_plane.o
                0x000000000003cd7a                R_InitPlanes
                0x000000000003cd88                R_MapPlane
                0x000000000003d04e                R_ClearPlanes
                0x000000000003d140                R_FindPlane
                0x000000000003d262                R_CheckPlane
                0x000000000003d3c0                R_MakeSpans
                0x000000000003d530                R_DrawPlanes
 .text          0x000000000003d864     0x1500 build/r_segs.o
                0x000000000003d864                R_RenderMaskedSegRange
                0x000000000003db94                R_RenderSegLoop
                0x000000000003e17e                R_StoreWallRange
 .text          0x000000000003ed64       0x16 build/r_sky.o
                0x000000000003ed64                R_InitSkyMap
 .text          0x000000000003ed7a     0x1a30 build/r_things.o
                0x000000000003ed7a                R_InstallSpriteLump
                0x000000000003f026                R_InitSpriteDefs
                0x000000000003f3b2                R_InitSprites
                0x000000000003f406                R_ClearSprites
                0x000000000003f420                R_NewVisSprite
                0x000000000003f45c                R_DrawMaskedColumn
                0x000000000003f5c0                R_DrawVisSprite
                0x000000000003f77e                R_ProjectSprite
                0x000000000003fc2a                R_AddSprites
                0x000000000003fcec                R_DrawPSprite
                0x000000000003fffa                R_DrawPlayerSprites
                0x00000000000400de                R_SortVisSprites
                0x0000000000040298                R_DrawSprite
                0x00000000000406fe                R_DrawMasked
 .text          0x00000000000407aa     0x2e62 build/sha1.o
                0x00000000000407aa                SHA1_Init
                0x0000000000042f86                SHA1_Update
                0x00000000000430f0                SHA1_Final
                0x0000000000043568                SHA1_UpdateInt32
                0x00000000000435d6                SHA1_UpdateString
 .text          0x000000000004360c       0x84 build/statdump.o
                0x000000000004360c                StatCopy
                0x0000000000043682                StatDump
 .text          0x0000000000043690      0x7a0 build/st_lib.o
                0x0000000000043690                STlib_init
                0x00000000000436b6                STlib_initNum
                0x000000000004372c                STlib_drawNum
                0x000000000004397e                STlib_updateNum
                0x00000000000439b2                STlib_initPercent
                0x0000000000043a0c                STlib_updatePercent
                0x0000000000043a66                STlib_initMultIcon
                0x0000000000043aca                STlib_updateMultIcon
                0x0000000000043c72                STlib_initBinIcon
                0x0000000000043cd6                STlib_updateBinIcon
 .text          0x0000000000043e30     0x1fae build/st_stuff.o
                0x0000000000043e30                ST_refreshBackground
                0x0000000000043ea0                ST_Responder
                0x000000000004474c                ST_calcPainOffset
                0x00000000000447ca                ST_updateFaceWidget
                0x0000000000044c5c                ST_updateWidgets
                0x0000000000044ea4                ST_Ticker
                0x0000000000044eee                ST_doPaletteStuff
                0x000000000004507a                ST_drawWidgets
                0x0000000000045224                ST_doRefresh
                0x0000000000045248                ST_diffDraw
                0x0000000000045260                ST_Drawer
                0x0000000000045742                ST_loadGraphics
                0x0000000000045760                ST_loadData
                0x00000000000457b8                ST_unloadGraphics
                0x00000000000457d6                ST_unloadData
                0x00000000000457ec                ST_initData
                0x00000000000458fe                ST_createWidgets
                0x0000000000045d54                ST_Start
                0x0000000000045d7c                ST_Stop
                0x0000000000045db4                ST_Init
 .text          0x0000000000045dde      0xcee build/s_sound.o
                0x0000000000045dde                S_Init
                0x0000000000045ef6                S_Shutdown
                0x0000000000045fd4                S_Start
                0x00000000000460c8                S_StopSound
                0x0000000000046494                S_StartSound
                0x00000000000466a0                S_PauseSound
                0x00000000000466d4                S_ResumeSound
                0x0000000000046706                S_UpdateSounds
                0x000000000004684a                S_SetMusicVolume
                0x0000000000046898                S_SetSfxVolume
                0x00000000000468e8                S_StartMusic
                0x000000000004690c                S_ChangeMusic
                0x0000000000046a50                S_MusicPlaying
                0x0000000000046a6a                S_StopMusic
 .text          0x0000000000046acc       0x70 build/tables.o
                0x0000000000046acc                SlopeDiv
 .text          0x0000000000046b3c     0x1bd8 build/v_video.o
                0x0000000000046b3c                V_MarkRect
                0x0000000000046bc6                V_CopyRect
                0x0000000000046d4a                V_SetPatchClipCallback
                0x0000000000046d68                V_DrawPatch
                0x00000000000470a8                V_DrawPatchFlipped
                0x0000000000047370                V_DrawPatchDirect
                0x00000000000473a8                V_DrawTLPatch
                0x000000000004760e                V_DrawXlaPatch
                0x0000000000047826                V_DrawAltTLPatch
                0x0000000000047a8c                V_DrawShadowedPatch
                0x0000000000047d5e                V_LoadTintTable
                0x0000000000047d84                V_LoadXlaTable
                0x0000000000047daa                V_DrawBlock
                0x0000000000047ea8                V_DrawFilledBox
                0x0000000000047f6c                V_DrawHorizLine
                0x0000000000047ff6                V_DrawVertLine
                0x0000000000048084                V_DrawBox
                0x0000000000048132                V_DrawRawScreen
                0x0000000000048160                V_Init
                0x000000000004816e                V_UseBuffer
                0x000000000004818c                V_RestoreBuffer
                0x00000000000481a6                WritePCXfile
                0x00000000000484c8                V_ScreenShot
                0x00000000000484da                V_DrawMouseSpeedBox
 .text          0x0000000000048714     0x3728 build/wi_stuff.o
                0x0000000000048714                WI_slamBackground
                0x0000000000048738                WI_Responder
                0x000000000004874c                WI_drawLF
                0x00000000000488fe                WI_drawEL
                0x0000000000048a28                WI_drawOnLnode
                0x0000000000048c4c                WI_initAnimatedBack
                0x0000000000048d8e                WI_updateAnimatedBack
                0x0000000000048f96                WI_drawAnimatedBack
                0x0000000000049058                WI_drawNum
                0x00000000000491ba                WI_drawPercent
                0x000000000004921e                WI_drawTime
                0x0000000000049372                WI_End
                0x0000000000049388                WI_initNoState
                0x00000000000493b2                WI_updateNoState
                0x00000000000493ec                WI_initShowNextLoc
                0x0000000000049420                WI_updateShowNextLoc
                0x0000000000049490                WI_drawShowNextLoc
                0x000000000004958e                WI_drawNoState
                0x00000000000495ae                WI_fragSum
                0x000000000004966c                WI_initDeathmatchStats
                0x000000000004973c                WI_updateDeathmatchStats
                0x0000000000049b80                WI_drawDeathmatchStats
                0x0000000000049f26                WI_initNetgameStats
                0x000000000004a058                WI_updateNetgameStats
                0x000000000004a774                WI_drawNetgameStats
                0x000000000004ac8a                WI_initStats
                0x000000000004ad14                WI_updateStats
                0x000000000004b344                WI_drawStats
                0x000000000004b4c0                WI_checkForAccelerate
                0x000000000004b58a                WI_Ticker
                0x000000000004bbc8                WI_loadData
                0x000000000004bc96                WI_unloadData
                0x000000000004bcb4                WI_Drawer
                0x000000000004bd12                WI_initVariables
                0x000000000004bdfe                WI_Start
 .text          0x000000000004be3c      0x1ae build/w_checksum.o
                0x000000000004bf76                W_Checksum
 .text          0x000000000004bfea       0x7c build/w_file.o
                0x000000000004bfea                W_OpenFile
                0x000000000004c000                W_CloseFile
                0x000000000004c024                W_Read
 .text          0x000000000004c066       0xa2 build/w_main.o
                0x000000000004c066                W_ParseCommandLine
 .text          0x000000000004c108      0xac4 build/w_wad.o
                0x000000000004c108                W_LumpNameHash
                0x000000000004c306                W_AddFile
                0x000000000004c5ee                W_NumLumps
                0x000000000004c602                W_CheckNumForName
                0x000000000004c6e8                W_GetNumForName
                0x000000000004c72a                W_LumpLength
                0x000000000004c776                W_ReadLump
                0x000000000004c826                W_CacheLumpNum
                0x000000000004c916                W_CacheLumpName
                0x000000000004c94c                W_ReleaseLumpNum
                0x000000000004c9bc                W_ReleaseLumpName
                0x000000000004c9e2                W_GenerateHashTable
                0x000000000004cae8                W_CheckCorrectIWAD
 .text          0x000000000004cbcc      0x934 build/z_zone.o
                0x000000000004cbcc                Z_ClearZone
                0x000000000004cc56                Z_Init
                0x000000000004ccf6                Z_Free
                0x000000000004ce38                Z_Malloc
                0x000000000004d044                Z_FreeTags
                0x000000000004d0d2                Z_DumpHeap
                0x000000000004d1fa                Z_FileDumpHeap
                0x000000000004d2f2                Z_CheckHeap
                0x000000000004d396                Z_ChangeTag2
                0x000000000004d42a                Z_ChangeUser
                0x000000000004d484                Z_FreeMemory
                0x000000000004d4ea                Z_ZoneSize
 *(.gnu.warning)

.fini
 *(SORT_NONE(.fini))
                [!provide]                        PROVIDE (__etext = .)
                [!provide]                        PROVIDE (_etext = .)
                [!provide]                        PROVIDE (etext = .)

.rodata         0x000000000004d500    0x19c86
 *(.rodata .rodata.* .gnu.linkonce.r.*)
 .rodata        0x000000000004d500       0x43 build/i_video_fbdev.o
 *fill*         0x000000000004d543        0x5 
 .rodata        0x000000000004d548       0x16 build/i_main.o
 *fill*         0x000000000004d55e        0x2 
 .rodata        0x000000000004d560       0x72 build/am_map.o
 *fill*         0x000000000004d5d2        0x6 
 .rodata        0x000000000004d5d8      0x363 build/dstrings.o
 *fill*         0x000000000004d93b        0x5 
 .rodata        0x000000000004d940      0x366 build/d_iwad.o
 *fill*         0x000000000004dca6        0x2 
 .rodata        0x000000000004dca8       0x77 build/d_loop.o
 *fill*         0x000000000004dd1f        0x1 
 .rodata        0x000000000004dd20     0x1228 build/d_main.o
 .rodata        0x000000000004ef48       0x7c build/d_mode.o
 *fill*         0x000000000004efc4        0x4 
 .rodata        0x000000000004efc8      0x1b0 build/d_net.o
 .rodata        0x000000000004f178     0x2087 build/f_finale.o
 *fill*         0x00000000000511ff        0x1 
 .rodata        0x0000000000051200      0x494 build/g_game.o
 *fill*         0x0000000000051694        0x4 
 .rodata        0x0000000000051698      0xe3a build/hu_stuff.o
 *fill*         0x00000000000524d2        0x6 
 .rodata        0x00000000000524d8      0x44d build/info.o
 *fill*         0x0000000000052925        0x3 
 .rodata        0x0000000000052928       0xbb build/i_joystick.o
 *fill*         0x00000000000529e3        0x5 
 .rodata        0x00000000000529e8       0x29 build/i_sound.o
 *fill*         0x0000000000052a11        0x7 
 .rodata        0x0000000000052a18      0x1bf build/i_system.o
 *fill*         0x0000000000052bd7        0x1 
 .rodata        0x0000000000052bd8     0x1130 build/m_config.o
 .rodata        0x0000000000053d08      0x7ae build/m_controls.o
 *fill*         0x00000000000544b6        0x2 
 .rodata        0x00000000000544b8      0x450 build/m_menu.o
 .rodata        0x0000000000054908      0x115 build/m_misc.o
 *fill*         0x0000000000054a1d        0x3 
 .rodata        0x0000000000054a20      0x100 build/m_random.o
 .rodata        0x0000000000054b20       0x30 build/p_ceilng.o
 .rodata        0x0000000000054b50      0x145 build/p_doors.o
 *fill*         0x0000000000054c95        0x3 
 .rodata        0x0000000000054c98       0x3d build/p_enemy.o
 *fill*         0x0000000000054cd5        0x3 
 .rodata        0x0000000000054cd8       0x34 build/p_floor.o
 *fill*         0x0000000000054d0c        0x4 
 .rodata        0x0000000000054d10      0x520 build/p_inter.o
 .rodata        0x0000000000055230       0x38 build/p_map.o
 .rodata        0x0000000000055268       0x38 build/p_mobj.o
 .rodata        0x00000000000552a0       0x5d build/p_plats.o
 *fill*         0x00000000000552fd        0x3 
 .rodata        0x0000000000055300        0x8 build/p_pspr.o
 .rodata        0x0000000000055308       0xc0 build/p_saveg.o
 .rodata        0x00000000000553c8       0x26 build/p_setup.o
 *fill*         0x00000000000553ee        0x2 
 .rodata        0x00000000000553f0       0x28 build/p_sight.o
 .rodata        0x0000000000055418      0x390 build/p_spec.o
 .rodata        0x00000000000557a8      0x238 build/p_switch.o
 .rodata        0x00000000000559e0       0x23 build/r_bsp.o
 *fill*         0x0000000000055a03        0x5 
 .rodata        0x0000000000055a08      0x182 build/r_data.o
 *fill*         0x0000000000055b8a        0x6 
 .rodata        0x0000000000055b90       0xc0 build/r_draw.o
 .rodata        0x0000000000055c50        0x2 build/r_main.o
 *fill*         0x0000000000055c52        0x6 
 .rodata        0x0000000000055c58       0xc0 build/r_plane.o
 .rodata        0x0000000000055d18       0x20 build/r_segs.o
 .rodata        0x0000000000055d38      0x1f0 build/r_things.o
 .rodata        0x0000000000055f28        0x8 build/sha1.o
 .rodata        0x0000000000055f30      0x217 build/sounds.o
 *fill*         0x0000000000056147        0x1 
 .rodata        0x0000000000056148       0x5a build/statdump.o
 *fill*         0x00000000000561a2        0x6 
 .rodata        0x00000000000561a8       0x6c build/st_lib.o
 *fill*         0x0000000000056214        0x4 
 .rodata        0x0000000000056218      0x238 build/st_stuff.o
 .rodata        0x0000000000056450       0x9d build/s_sound.o
 *fill*         0x00000000000564ed        0x3 
 .rodata        0x00000000000564f0    0x10508 build/tables.o
                0x00000000000564f0                finetangent
                0x000000000005a4f0                finesine
                0x00000000000644f0                tantoangle
                0x00000000000664f8                gammatable
 .rodata        0x00000000000669f8       0xe8 build/v_video.o
 .rodata        0x0000000000066ae0      0x161 build/wi_stuff.o
 *fill*         0x0000000000066c41        0x7 
 .rodata        0x0000000000066c48       0x14 build/w_main.o
 *fill*         0x0000000000066c5c        0x4 
 .rodata        0x0000000000066c60      0x250 build/w_wad.o
 .rodata        0x0000000000066eb0      0x2d6 build/z_zone.o

.rodata1
 *(.rodata1)

.sdata2
 *(.sdata2 .sdata2.* .gnu.linkonce.s2.*)

.sbss2
 *(.sbss2 .sbss2.* .gnu.linkonce.sb2.*)

.eh_frame_hdr
 *(.eh_frame_hdr)
 *(.eh_frame_entry .eh_frame_entry.*)

.eh_frame
 *(.eh_frame)
 *(.eh_frame.*)

.gcc_except_table
 *(.gcc_except_table .gcc_except_table.*)

.gnu_extab
 *(.gnu_extab*)

.exception_ranges
 *(.exception_ranges*)
                0x0000000000068186                . = DATA_SEGMENT_ALIGN (CONSTANT (MAXPAGESIZE), CONSTANT (COMMONPAGESIZE))

.eh_frame
 *(.eh_frame)
 *(.eh_frame.*)

.gnu_extab
 *(.gnu_extab)

.gcc_except_table
 *(.gcc_except_table .gcc_except_table.*)

.exception_ranges
 *(.exception_ranges*)

.tdata          0x0000000000068186        0x0
                [!provide]                        PROVIDE (__tdata_start = .)
 *(.tdata .tdata.* .gnu.linkonce.td.*)

.tbss
 *(.tbss .tbss.* .gnu.linkonce.tb.*)
 *(.tcommon)

.preinit_array  0x0000000000068186        0x0
                [!provide]                        PROVIDE (__preinit_array_start = .)
 *(.preinit_array)
                [!provide]                        PROVIDE (__preinit_array_end = .)

.init_array     0x0000000000068186        0x0
                [!provide]                        PROVIDE (__init_array_start = .)
 *(SORT_BY_INIT_PRIORITY(.init_array.*) SORT_BY_INIT_PRIORITY(.ctors.*))
 *(.init_array EXCLUDE_FILE(*crtend?.o *crtend.o *crtbegin?.o *crtbegin.o) .ctors)
                [!provide]                        PROVIDE (__init_array_end = .)

.fini_array     0x0000000000068186        0x0
                [!provide]                        PROVIDE (__fini_array_start = .)
 *(SORT_BY_INIT_PRIORITY(.fini_array.*) SORT_BY_INIT_PRIORITY(.dtors.*))
 *(.fini_array EXCLUDE_FILE(*crtend?.o *crtend.o *crtbegin?.o *crtbegin.o) .dtors)
                [!provide]                        PROVIDE (__fini_array_end = .)

.ctors
 *crtbegin.o(.ctors)
 *crtbegin?.o(.ctors)
 *(EXCLUDE_FILE(*crtend?.o *crtend.o) .ctors)
 *(SORT_BY_NAME(.ctors.*))
 *(.ctors)

.dtors
 *crtbegin.o(.dtors)
 *crtbegin?.o(.dtors)
 *(EXCLUDE_FILE(*crtend?.o *crtend.o) .dtors)
 *(SORT_BY_NAME(.dtors.*))
 *(.dtors)

.jcr
 *(.jcr)

.data.rel.ro
 *(.data.rel.ro.local* .gnu.linkonce.d.rel.ro.local.*)
 *(.data.rel.ro .data.rel.ro.* .gnu.linkonce.d.rel.ro.*)

.dynamic
 *(.dynamic)
                0x0000000000068186                . = DATA_SEGMENT_RELRO_END (., 0x0)

.data           0x0000000000068188    0x13830
                0x0000000000068188                __DATA_BEGIN__ = .
 *(.data .data.* .gnu.linkonce.d.*)
 .data          0x0000000000068188      0x278 build/am_map.o
                0x0000000000068188                player_arrow
                0x00000000000681f8                cheat_player_arrow
                0x00000000000682f8                triangle_guy
                0x0000000000068328                thintriangle_guy
                0x0000000000068358                cheat_amap
 .data          0x0000000000068400       0x80 build/dstrings.o
                0x0000000000068400                doom1_endmsg
                0x0000000000068440                doom2_endmsg
 .data          0x0000000000068480       0xd8 build/d_items.o
                0x0000000000068480                weaponinfo
 .data          0x0000000000068558      0x140 build/d_main.o
 .data          0x0000000000068698      0x120 build/d_mode.o
 .data          0x00000000000687b8       0x20 build/d_net.o
 .data          0x00000000000687d8      0x3e0 build/f_finale.o
                0x0000000000068a98                castorder
 .data          0x0000000000068bb8       0x30 build/f_wipe.o
 .data          0x0000000000068be8      0x170 build/g_game.o
                0x0000000000068be8                angleturn
                0x0000000000068c38                pars
                0x0000000000068cd8                cpars
 .data          0x0000000000068d58      0x4d8 build/hu_stuff.o
                0x0000000000068d58                chat_macros
                0x0000000000068da8                player_names
                0x0000000000068dc8                mapnames
                0x0000000000068f30                mapnames_commercial
 .data          0x0000000000069230     0xccac build/info.o
                0x0000000000069230                sprnames
                0x0000000000069688                states
                0x0000000000072da0                mobjinfo
 *fill*         0x0000000000075edc        0x4 
 .data          0x0000000000075ee0       0x28 build/i_joystick.o
 .data          0x0000000000075f08     0x1890 build/m_config.o
 .data          0x0000000000077798      0x780 build/m_menu.o
                0x0000000000077798                gammamsg
                0x0000000000077820                skullName
                0x0000000000077830                MainMenu
                0x00000000000778f0                MainDef
                0x0000000000077918                EpisodeMenu
                0x0000000000077998                EpiDef
                0x00000000000779c0                NewGameMenu
                0x0000000000077a60                NewDef
                0x0000000000077a88                OptionsMenu
                0x0000000000077b88                OptionsDef
                0x0000000000077bb0                ReadMenu1
                0x0000000000077bd0                ReadDef1
                0x0000000000077bf8                ReadMenu2
                0x0000000000077c18                ReadDef2
                0x0000000000077c40                SoundMenu
                0x0000000000077cc0                SoundDef
                0x0000000000077ce8                LoadMenu
                0x0000000000077da8                LoadDef
                0x0000000000077dd0                SaveMenu
                0x0000000000077e90                SaveDef
                0x0000000000077ed8                quitsounds
                0x0000000000077ef8                quitsounds2
 .data          0x0000000000077f18       0x78 build/p_enemy.o
                0x0000000000077f18                opposite
                0x0000000000077f40                diags
                0x0000000000077f50                xspeed
                0x0000000000077f70                yspeed
 .data          0x0000000000077f90       0x20 build/p_inter.o
                0x0000000000077f90                maxammo
                0x0000000000077fa0                clipammo
 .data          0x0000000000077fb0      0x228 build/p_maputl.o
 .data          0x00000000000781d8      0x284 build/p_spec.o
                0x00000000000781d8                animdefs
 *fill*         0x000000000007845c        0x4 
 .data          0x0000000000078460      0x334 build/p_switch.o
                0x0000000000078460                alphSwitchList
 *fill*         0x0000000000078794        0x4 
 .data          0x0000000000078798       0xc0 build/r_bsp.o
                0x0000000000078798                checkcoord
 .data          0x0000000000078858       0xc8 build/r_draw.o
                0x0000000000078858                fuzzoffset
 .data          0x0000000000078920     0x23c0 build/sounds.o
                0x0000000000078920                S_music
                0x00000000000791a0                S_sfx
 .data          0x000000000007ace0      0x480 build/st_stuff.o
                0x000000000007ace0                cheat_mus
                0x000000000007ad28                cheat_god
                0x000000000007ad70                cheat_ammo
                0x000000000007adb8                cheat_ammonokey
                0x000000000007ae00                cheat_noclip
                0x000000000007ae48                cheat_commercial_noclip
                0x000000000007ae90                cheat_powerup
                0x000000000007b088                cheat_choppers
                0x000000000007b0d0                cheat_clev
                0x000000000007b118                cheat_mypos
 .data          0x000000000007b160      0x858 build/wi_stuff.o

.data1
 *(.data1)

.got
 *(.got.plt)
 *(.igot.plt)
 *(.got)
 *(.igot)

.sdata          0x000000000007b9b8      0x290
                0x000000000007b9b8                __SDATA_BEGIN__ = .
 *(.srodata.cst16)
 *(.srodata.cst8)
 *(.srodata.cst4)
 *(.srodata.cst2)
 *(.srodata .srodata.*)
 *(.sdata .sdata.* .gnu.linkonce.s.*)
 .sdata         0x000000000007b9b8        0xc build/i_video_fbdev.o
                0x000000000007b9b8                fb_scaling
                0x000000000007b9bc                mouse_acceleration
                0x000000000007b9c0                mouse_threshold
 .sdata         0x000000000007b9c4        0x4 build/i_main.o
                0x000000000007b9c4                vanilla_keyboard_mapping
 .sdata         0x000000000007b9c8       0x20 build/am_map.o
 .sdata         0x000000000007b9e8        0x8 build/doomstat.o
                0x000000000007b9e8                gamemode
                0x000000000007b9ec                gameversion
 .sdata         0x000000000007b9f0        0x4 build/d_loop.o
 .sdata         0x000000000007b9f4        0xc build/d_main.o
                0x000000000007b9f4                show_endoom
                0x000000000007b9f8                wipegamestate
 .sdata         0x000000000007ba00       0x30 build/g_game.o
                0x000000000007ba00                precache
                0x000000000007ba08                forwardmove
                0x000000000007ba10                sidemove
                0x000000000007ba28                vanilla_savegame_limit
                0x000000000007ba2c                vanilla_demo_limit
 .sdata         0x000000000007ba30        0xc build/i_joystick.o
 *fill*         0x000000000007ba3c        0x4 
 .sdata         0x000000000007ba40       0x20 build/i_sound.o
                0x000000000007ba40                snd_samplerate
                0x000000000007ba44                snd_cachesize
                0x000000000007ba48                snd_maxslicetime_ms
                0x000000000007ba50                snd_musiccmd
                0x000000000007ba58                snd_musicdevice
                0x000000000007ba5c                snd_sfxdevice
 .sdata         0x000000000007ba60        0xc build/i_system.o
 .sdata         0x000000000007ba6c      0x19c build/m_controls.o
                0x000000000007ba6c                key_right
                0x000000000007ba70                key_left
                0x000000000007ba74                key_up
                0x000000000007ba78                key_down
                0x000000000007ba7c                key_strafeleft
                0x000000000007ba80                key_straferight
                0x000000000007ba84                key_fire
                0x000000000007ba88                key_use
                0x000000000007ba8c                key_strafe
                0x000000000007ba90                key_speed
                0x000000000007ba94                key_flyup
                0x000000000007ba98                key_flydown
                0x000000000007ba9c                key_flycenter
                0x000000000007baa0                key_lookup
                0x000000000007baa4                key_lookdown
                0x000000000007baa8                key_lookcenter
                0x000000000007baac                key_invleft
                0x000000000007bab0                key_invright
                0x000000000007bab4                key_useartifact
                0x000000000007bab8                key_jump
                0x000000000007babc                key_arti_all
                0x000000000007bac0                key_arti_health
                0x000000000007bac4                key_arti_poisonbag
                0x000000000007bac8                key_arti_blastradius
                0x000000000007bacc                key_arti_teleport
                0x000000000007bad0                key_arti_teleportother
                0x000000000007bad4                key_arti_egg
                0x000000000007bad8                key_arti_invulnerability
                0x000000000007badc                key_usehealth
                0x000000000007bae0                key_invquery
                0x000000000007bae4                key_mission
                0x000000000007bae8                key_invpop
                0x000000000007baec                key_invkey
                0x000000000007baf0                key_invhome
                0x000000000007baf4                key_invend
                0x000000000007baf8                key_invuse
                0x000000000007bafc                key_invdrop
                0x000000000007bb00                mousebstrafe
                0x000000000007bb04                mousebforward
                0x000000000007bb08                mousebjump
                0x000000000007bb0c                mousebstrafeleft
                0x000000000007bb10                mousebstraferight
                0x000000000007bb14                mousebbackward
                0x000000000007bb18                mousebuse
                0x000000000007bb1c                mousebprevweapon
                0x000000000007bb20                mousebnextweapon
                0x000000000007bb24                key_message_refresh
                0x000000000007bb28                key_pause
                0x000000000007bb2c                key_demo_quit
                0x000000000007bb30                key_spy
                0x000000000007bb34                key_multi_msg
                0x000000000007bb38                key_weapon1
                0x000000000007bb3c                key_weapon2
                0x000000000007bb40                key_weapon3
                0x000000000007bb44                key_weapon4
                0x000000000007bb48                key_weapon5
                0x000000000007bb4c                key_weapon6
                0x000000000007bb50                key_weapon7
                0x000000000007bb54                key_weapon8
                0x000000000007bb58                key_map_north
                0x000000000007bb5c                key_map_south
                0x000000000007bb60                key_map_east
                0x000000000007bb64                key_map_west
                0x000000000007bb68                key_map_zoomin
                0x000000000007bb6c                key_map_zoomout
                0x000000000007bb70                key_map_toggle
                0x000000000007bb74                key_map_maxzoom
                0x000000000007bb78                key_map_follow
                0x000000000007bb7c                key_map_grid
                0x000000000007bb80                key_map_mark
                0x000000000007bb84                key_map_clearmark
                0x000000000007bb88                key_menu_activate
                0x000000000007bb8c                key_menu_up
                0x000000000007bb90                key_menu_down
                0x000000000007bb94                key_menu_left
                0x000000000007bb98                key_menu_right
                0x000000000007bb9c                key_menu_back
                0x000000000007bba0                key_menu_forward
                0x000000000007bba4                key_menu_confirm
                0x000000000007bba8                key_menu_abort
                0x000000000007bbac                key_menu_help
                0x000000000007bbb0                key_menu_save
                0x000000000007bbb4                key_menu_load
                0x000000000007bbb8                key_menu_volume
                0x000000000007bbbc                key_menu_detail
                0x000000000007bbc0                key_menu_qsave
                0x000000000007bbc4                key_menu_endgame
                0x000000000007bbc8                key_menu_messages
                0x000000000007bbcc                key_menu_qload
                0x000000000007bbd0                key_menu_quit
                0x000000000007bbd4                key_menu_gamma
                0x000000000007bbd8                key_menu_incscreen
                0x000000000007bbdc                key_menu_decscreen
                0x000000000007bbe0                joybstrafe
                0x000000000007bbe4                joybuse
                0x000000000007bbe8                joybspeed
                0x000000000007bbec                joybstrafeleft
                0x000000000007bbf0                joybstraferight
                0x000000000007bbf4                joybjump
                0x000000000007bbf8                joybprevweapon
                0x000000000007bbfc                joybnextweapon
                0x000000000007bc00                joybmenu
                0x000000000007bc04                dclick_use
 .sdata         0x000000000007bc08        0xc build/m_menu.o
                0x000000000007bc08                mouseSensitivity
                0x000000000007bc0c                showMessages
                0x000000000007bc10                screenblocks
 .sdata         0x000000000007bc14        0x4 build/p_enemy.o
                0x000000000007bc14                TRACEANGLE
 .sdata         0x000000000007bc18        0x4 build/p_spec.o
 .sdata         0x000000000007bc1c        0x4 build/r_main.o
                0x000000000007bc1c                validcount
 .sdata         0x000000000007bc20       0x14 build/st_stuff.o
 .sdata         0x000000000007bc34        0xc build/s_sound.o
                0x000000000007bc34                sfxVolume
                0x000000000007bc38                musicVolume
                0x000000000007bc3c                snd_channels
 .sdata         0x000000000007bc40        0x8 build/tables.o
                0x000000000007bc40                finecosine
                0x000000000007bc48                _edata = .
                [!provide]                        PROVIDE (edata = .)
                0x000000000007bc48                . = .
                0x000000000007bc48                __bss_start = .

.sbss           0x000000000007bc48      0x820
 *(.dynsbss)
 *(.sbss .sbss.* .gnu.linkonce.sb.*)
 .sbss          0x000000000007bc48       0x30 build/i_video_fbdev.o
                0x000000000007bc48                usemouse
                0x000000000007bc50                I_VideoBuffer
                0x000000000007bc58                I_VideoBuffer_FB
                0x000000000007bc60                fd_fb
                0x000000000007bc64                X_width
                0x000000000007bc68                X_height
                0x000000000007bc6c                screensaver_mode
                0x000000000007bc70                screenvisible
                0x000000000007bc74                usegamma
 .sbss          0x000000000007bc78        0x8 build/dummy.o
                0x000000000007bc78                net_client_connected
                0x000000000007bc7c                drone
 .sbss          0x000000000007bc80        0x4 build/am_map.o
                0x000000000007bc80                automapactive
 *fill*         0x000000000007bc84        0x4 
 .sbss          0x000000000007bc88       0x14 build/doomstat.o
                0x000000000007bc88                gamemission
                0x000000000007bc90                gamedescription
                0x000000000007bc98                modifiedgame
 .sbss          0x000000000007bc9c       0x14 build/d_loop.o
                0x000000000007bc9c                gametic
                0x000000000007bca0                singletics
                0x000000000007bca4                ticdup
                0x000000000007bca8                offsetms
                0x000000000007bcac                lasttime
 .sbss          0x000000000007bcb0       0x58 build/d_main.o
                0x000000000007bcb0                savegamedir
                0x000000000007bcb8                iwadfile
                0x000000000007bcc0                devparm
                0x000000000007bcc4                nomonsters
                0x000000000007bcc8                respawnparm
                0x000000000007bccc                fastparm
                0x000000000007bcd0                startskill
                0x000000000007bcd4                startepisode
                0x000000000007bcd8                startmap
                0x000000000007bcdc                autostart
                0x000000000007bce0                startloadgame
                0x000000000007bce4                advancedemo
                0x000000000007bce8                storedemo
                0x000000000007bcec                bfgedition
                0x000000000007bcf0                main_loop_started
                0x000000000007bcf4                demosequence
                0x000000000007bcf8                pagetic
                0x000000000007bd00                pagename
 .sbss          0x000000000007bd08        0x8 build/d_net.o
                0x000000000007bd08                netcmds
 .sbss          0x000000000007bd10       0x38 build/f_finale.o
                0x000000000007bd10                finalestage
                0x000000000007bd14                finalecount
                0x000000000007bd18                finaletext
                0x000000000007bd20                finaleflat
                0x000000000007bd28                castnum
                0x000000000007bd2c                casttics
                0x000000000007bd30                caststate
                0x000000000007bd38                castdeath
                0x000000000007bd3c                castframes
                0x000000000007bd40                castonmelee
                0x000000000007bd44                castattacking
 .sbss          0x000000000007bd48       0xc8 build/g_game.o
                0x000000000007bd48                oldgamestate
                0x000000000007bd4c                gameaction
                0x000000000007bd50                gamestate
                0x000000000007bd54                gameskill
                0x000000000007bd58                respawnmonsters
                0x000000000007bd5c                gameepisode
                0x000000000007bd60                gamemap
                0x000000000007bd64                timelimit
                0x000000000007bd68                paused
                0x000000000007bd6c                sendpause
                0x000000000007bd70                sendsave
                0x000000000007bd74                usergame
                0x000000000007bd78                timingdemo
                0x000000000007bd7c                nodrawers
                0x000000000007bd80                starttime
                0x000000000007bd84                viewactive
                0x000000000007bd88                deathmatch
                0x000000000007bd8c                netgame
                0x000000000007bd90                consoleplayer
                0x000000000007bd94                displayplayer
                0x000000000007bd98                levelstarttic
                0x000000000007bd9c                totalkills
                0x000000000007bda0                totalitems
                0x000000000007bda4                totalsecret
                0x000000000007bda8                demoname
                0x000000000007bdb0                demorecording
                0x000000000007bdb4                longtics
                0x000000000007bdb8                lowres_turn
                0x000000000007bdbc                demoplayback
                0x000000000007bdc0                netdemo
                0x000000000007bdc8                demobuffer
                0x000000000007bdd0                demo_p
                0x000000000007bdd8                demoend
                0x000000000007bde0                singledemo
                0x000000000007bde4                testcontrols
                0x000000000007bde8                testcontrols_mousespeed
                0x000000000007bdec                mousex
                0x000000000007bdf0                mousey
                0x000000000007bdf4                bodyqueslot
                0x000000000007bdf8                secretexit
                0x000000000007bdfc                d_skill
                0x000000000007be00                d_episode
                0x000000000007be04                d_map
                0x000000000007be08                defdemoname
 .sbss          0x000000000007be10        0xc build/hu_stuff.o
                0x000000000007be10                chat_char
                0x000000000007be14                chat_on
                0x000000000007be18                message_dontfuckwithme
 *fill*         0x000000000007be1c        0x4 
 .sbss          0x000000000007be20       0x10 build/m_argv.o
                0x000000000007be20                myargc
                0x000000000007be28                myargv
 .sbss          0x000000000007be30        0x8 build/m_config.o
                0x000000000007be30                configdir
 .sbss          0x000000000007be38       0x14 build/m_controls.o
                0x000000000007be38                mousebfire
                0x000000000007be3c                key_prevweapon
                0x000000000007be40                key_nextweapon
                0x000000000007be44                key_menu_screenshot
                0x000000000007be48                joybfire
 *fill*         0x000000000007be4c        0x4 
 .sbss          0x000000000007be50       0x7c build/m_menu.o
                0x000000000007be50                detailLevel
                0x000000000007be54                screenSize
                0x000000000007be58                quickSaveSlot
                0x000000000007be5c                messageToPrint
                0x000000000007be60                messageString
                0x000000000007be68                messx
                0x000000000007be6c                messy
                0x000000000007be70                messageLastMenuActive
                0x000000000007be74                messageNeedsInput
                0x000000000007be78                messageRoutine
                0x000000000007be80                saveStringEnter
                0x000000000007be84                saveSlot
                0x000000000007be88                saveCharIndex
                0x000000000007be8c                inhelpscreens
                0x000000000007be90                menuactive
                0x000000000007be94                itemOn
                0x000000000007be96                skullAnimCounter
                0x000000000007be98                whichSkull
                0x000000000007bea0                currentMenu
                0x000000000007bea8                main_e
                0x000000000007beac                episodes_e
                0x000000000007beb0                newgame_e
                0x000000000007beb4                options_e
                0x000000000007beb8                read_e
                0x000000000007bebc                read_e2
                0x000000000007bec0                sound_e
                0x000000000007bec4                load_e
                0x000000000007bec8                epi
 .sbss          0x000000000007becc        0x8 build/m_random.o
                0x000000000007becc                rndindex
                0x000000000007bed0                prndindex
 *fill*         0x000000000007bed4        0x4 
 .sbss          0x000000000007bed8       0x28 build/p_enemy.o
                0x000000000007bed8                soundtarget
                0x000000000007bee0                corpsehit
                0x000000000007bee8                vileobj
                0x000000000007bef0                viletryx
                0x000000000007bef4                viletryy
                0x000000000007bef8                numbraintargets
                0x000000000007befc                braintargeton
 .sbss          0x000000000007bf00       0xa4 build/p_map.o
                0x000000000007bf00                tmthing
                0x000000000007bf08                tmflags